Archive member included to satisfy reference by file (symbol)

c:/users/wattenberg/infineon/tools/mtb-gcc-arm-eabi/11.3.1/gcc/bin/../lib/gcc/arm-none-eabi/11.3.1/thumb/v8-m.main/nofp\libgcc.a(_arm_mulsf3.o)
                              C:/Users/wattenberg/mtw_3.4/12kW_Secondary/build/Custom/libraries_shared/mtb-hal-psc3/source/mtb_hal_spi.o (__aeabi_fmul)
c:/users/wattenberg/infineon/tools/mtb-gcc-arm-eabi/11.3.1/gcc/bin/../lib/gcc/arm-none-eabi/11.3.1/thumb/v8-m.main/nofp\libgcc.a(_arm_addsubdf3.o)
                              C:/Users/wattenberg/mtw_3.4/12kW_Secondary/build/Custom/libraries_shared/mtb-hal-psc3/source/mtb_hal_clock.o (__aeabi_dadd)
c:/users/wattenberg/infineon/tools/mtb-gcc-arm-eabi/11.3.1/gcc/bin/../lib/gcc/arm-none-eabi/11.3.1/thumb/v8-m.main/nofp\libgcc.a(_arm_muldivdf3.o)
                              C:/Users/wattenberg/mtw_3.4/12kW_Secondary/build/Custom/libraries_shared/mtb-hal-psc3/source/mtb_hal_clock.o (__aeabi_ddiv)
c:/users/wattenberg/infineon/tools/mtb-gcc-arm-eabi/11.3.1/gcc/bin/../lib/gcc/arm-none-eabi/11.3.1/thumb/v8-m.main/nofp\libgcc.a(_arm_cmpdf2.o)
                              C:/Users/wattenberg/mtw_3.4/12kW_Secondary/build/Custom/libraries_shared/mtb-hal-psc3/source/mtb_hal_clock.o (__aeabi_dcmpgt)
c:/users/wattenberg/infineon/tools/mtb-gcc-arm-eabi/11.3.1/gcc/bin/../lib/gcc/arm-none-eabi/11.3.1/thumb/v8-m.main/nofp\libgcc.a(_arm_fixunsdfsi.o)
                              C:/Users/wattenberg/mtw_3.4/12kW_Secondary/build/Custom/libraries_shared/mtb-hal-psc3/source/mtb_hal_clock.o (__aeabi_d2uiz)
c:/users/wattenberg/infineon/tools/mtb-gcc-arm-eabi/11.3.1/gcc/bin/../lib/gcc/arm-none-eabi/11.3.1/thumb/v8-m.main/nofp\libgcc.a(_arm_addsubsf3.o)
                              C:/Users/wattenberg/mtw_3.4/12kW_Secondary/build/Custom/libraries_shared/mtb-hal-psc3/source/mtb_hal_spi.o (__aeabi_fsub)
c:/users/wattenberg/infineon/tools/mtb-gcc-arm-eabi/11.3.1/gcc/bin/../lib/gcc/arm-none-eabi/11.3.1/thumb/v8-m.main/nofp\libgcc.a(_arm_muldivsf3.o)
                              C:/Users/wattenberg/mtw_3.4/12kW_Secondary/build/Custom/libraries_shared/mtb-hal-psc3/source/mtb_hal_spi.o (__aeabi_fdiv)
c:/users/wattenberg/infineon/tools/mtb-gcc-arm-eabi/11.3.1/gcc/bin/../lib/gcc/arm-none-eabi/11.3.1/thumb/v8-m.main/nofp\libgcc.a(_arm_cmpsf2.o)
                              C:/Users/wattenberg/mtw_3.4/12kW_Secondary/build/Custom/libraries_shared/mtb-pdl-cat1/drivers/source/cy_sysclk_v2.o (__aeabi_fcmplt)
c:/users/wattenberg/infineon/tools/mtb-gcc-arm-eabi/11.3.1/gcc/bin/../lib/gcc/arm-none-eabi/11.3.1/thumb/v8-m.main/nofp\libgcc.a(_arm_fixsfsi.o)
                              C:/Users/wattenberg/mtw_3.4/12kW_Secondary/build/Custom/libraries_shared/mtb-pdl-cat1/drivers/source/cy_hppass_sar.o (__aeabi_f2iz)
c:/users/wattenberg/infineon/tools/mtb-gcc-arm-eabi/11.3.1/gcc/bin/../lib/gcc/arm-none-eabi/11.3.1/thumb/v8-m.main/nofp\libgcc.a(_arm_fixunssfsi.o)
                              C:/Users/wattenberg/mtw_3.4/12kW_Secondary/build/Custom/libraries_shared/mtb-hal-psc3/source/mtb_hal_spi.o (__aeabi_f2uiz)
c:/users/wattenberg/infineon/tools/mtb-gcc-arm-eabi/11.3.1/gcc/bin/../lib/gcc/arm-none-eabi/11.3.1/thumb/v8-m.main/nofp\libgcc.a(_aeabi_ldivmod.o)
                              C:/Users/wattenberg/mtw_3.4/12kW_Secondary/build/Custom/libraries_shared/mtb-hal-psc3/source/mtb_hal_utils_impl.o (__aeabi_ldivmod)
c:/users/wattenberg/infineon/tools/mtb-gcc-arm-eabi/11.3.1/gcc/bin/../lib/gcc/arm-none-eabi/11.3.1/thumb/v8-m.main/nofp\libgcc.a(_aeabi_uldivmod.o)
                              C:/Users/wattenberg/mtw_3.4/12kW_Secondary/build/Custom/libraries_shared/mtb-hal-psc3/source/mtb_hal_pwm.o (__aeabi_uldivmod)
c:/users/wattenberg/infineon/tools/mtb-gcc-arm-eabi/11.3.1/gcc/bin/../lib/gcc/arm-none-eabi/11.3.1/thumb/v8-m.main/nofp\libgcc.a(_udivmoddi4.o)
                              c:/users/wattenberg/infineon/tools/mtb-gcc-arm-eabi/11.3.1/gcc/bin/../lib/gcc/arm-none-eabi/11.3.1/thumb/v8-m.main/nofp\libgcc.a(_aeabi_ldivmod.o) (__udivmoddi4)
c:/users/wattenberg/infineon/tools/mtb-gcc-arm-eabi/11.3.1/gcc/bin/../lib/gcc/arm-none-eabi/11.3.1/thumb/v8-m.main/nofp\libgcc.a(_dvmd_tls.o)
                              c:/users/wattenberg/infineon/tools/mtb-gcc-arm-eabi/11.3.1/gcc/bin/../lib/gcc/arm-none-eabi/11.3.1/thumb/v8-m.main/nofp\libgcc.a(_aeabi_ldivmod.o) (__aeabi_ldiv0)
c:/users/wattenberg/infineon/tools/mtb-gcc-arm-eabi/11.3.1/gcc/bin/../lib/gcc/arm-none-eabi/11.3.1/thumb/v8-m.main/nofp\libg_nano.a(libc_a-exit.o)
                              c:/users/wattenberg/infineon/tools/mtb-gcc-arm-eabi/11.3.1/gcc/bin/../lib/gcc/arm-none-eabi/11.3.1/thumb/v8-m.main/nofp/crt0.o (exit)
c:/users/wattenberg/infineon/tools/mtb-gcc-arm-eabi/11.3.1/gcc/bin/../lib/gcc/arm-none-eabi/11.3.1/thumb/v8-m.main/nofp\libg_nano.a(libc_a-findfp.o)
[...]
Memory Configuration

Name             Origin             Length             Attributes
sram             0x34000000         0x00010000         xrw
flash            0x12000000         0x0003ff00         xr
shm_sram         0x3400f800         0x00000800         xrw
nsc              0x1203ff00         0x00000100         xrw
*default*        0x00000000         0xffffffff

Linker script and memory map

LOAD c:/users/wattenberg/infineon/tools/mtb-gcc-arm-eabi/11.3.1/gcc/bin/../lib/gcc/arm-none-eabi/11.3.1/thumb/v8-m.main/nofp/crti.o
LOAD c:/users/wattenberg/infineon/tools/mtb-gcc-arm-eabi/11.3.1/gcc/bin/../lib/gcc/arm-none-eabi/11.3.1/thumb/v8-m.main/nofp/crtbegin.o
LOAD c:/users/wattenberg/infineon/tools/mtb-gcc-arm-eabi/11.3.1/gcc/bin/../lib/gcc/arm-none-eabi/11.3.1/thumb/v8-m.main/nofp/crt0.o
START GROUP
LOAD C:/Users/wattenberg/mtw_3.4/12kW_Secondary/build/Custom/bsps/12kW_Secondary/config/GeneratedSource/cycfg.o
LOAD C:/Users/wattenberg/mtw_3.4/12kW_Secondary/build/Custom/bsps/12kW_Secondary/config/GeneratedSource/cycfg_clocks.o
LOAD C:/Users/wattenberg/mtw_3.4/12kW_Secondary/build/Custom/bsps/12kW_Secondary/config/GeneratedSource/cycfg_peripherals.o
LOAD C:/Users/wattenberg/mtw_3.4/12kW_Secondary/build/Custom/bsps/12kW_Secondary/config/GeneratedSource/cycfg_pins.o
LOAD C:/Users/wattenberg/mtw_3.4/12kW_Secondary/build/Custom/bsps/12kW_Secondary/config/GeneratedSource/cycfg_routing.o
LOAD C:/Users/wattenberg/mtw_3.4/12kW_Secondary/build/Custom/bsps/12kW_Secondary/config/GeneratedSource/cycfg_system.o
LOAD C:/Users/wattenberg/mtw_3.4/12kW_Secondary/build/Custom/bsps/12kW_Secondary/cybsp.o
LOAD C:/Users/wattenberg/mtw_3.4/12kW_Secondary/build/Custom/bsps/12kW_Secondary/cybsp_dsram.o
LOAD C:/Users/wattenberg/mtw_3.4/12kW_Secondary/build/Custom/bsps/12kW_Secondary/cybsp_pm.o
LOAD C:/Users/wattenberg/mtw_3.4/12kW_Secondary/build/Custom/bsps/12kW_Secondary/cybsp_pm_callbacks.o
LOAD C:/Users/wattenberg/mtw_3.4/12kW_Secondary/build/Custom/bsps/12kW_Secondary/startup_cat1b_cm33.o
LOAD C:/Users/wattenberg/mtw_3.4/12kW_Secondary/build/Custom/bsps/12kW_Secondary/system_psc3.o
LOAD C:/Users/wattenberg/mtw_3.4/12kW_Secondary/build/Custom/local/main.o
LOAD C:/Users/wattenberg/mtw_3.4/12kW_Secondary/build/Custom/libraries_shared/mtb-pdl-cat1/drivers/source/TOOLCHAIN_GCC_ARM/cy_syslib_ext.o
LOAD C:/Users/wattenberg/mtw_3.4/12kW_Secondary/build/Custom/libraries_shared/mtb-hal-psc3/source/mtb_hal_adc_sar.o
LOAD C:/Users/wattenberg/mtw_3.4/12kW_Secondary/build/Custom/libraries_shared/mtb-hal-psc3/source/mtb_hal_clock.o
LOAD C:/Users/wattenberg/mtw_3.4/12kW_Secondary/build/Custom/libraries_shared/mtb-hal-psc3/source/mtb_hal_dma.o
LOAD C:/Users/wattenberg/mtw_3.4/12kW_Secondary/build/Custom/libraries_shared/mtb-hal-psc3/source/mtb_hal_dma_dw.o
LOAD C:/Users/wattenberg/mtw_3.4/12kW_Secondary/build/Custom/libraries_shared/mtb-hal-psc3/source/mtb_hal_gpio.o
LOAD C:/Users/wattenberg/mtw_3.4/12kW_Secondary/build/Custom/libraries_shared/mtb-hal-psc3/source/mtb_hal_i2c.o
LOAD C:/Users/wattenberg/mtw_3.4/12kW_Secondary/build/Custom/libraries_shared/mtb-hal-psc3/source/mtb_hal_lptimer.o
LOAD C:/Users/wattenberg/mtw_3.4/12kW_Secondary/build/Custom/libraries_shared/mtb-hal-psc3/source/mtb_hal_lptimer_common.o
LOAD C:/Users/wattenberg/mtw_3.4/12kW_Secondary/build/Custom/libraries_shared/mtb-hal-psc3/source/mtb_hal_lptimer_mcwdt.o
LOAD C:/Users/wattenberg/mtw_3.4/12kW_Secondary/build/Custom/libraries_shared/mtb-hal-psc3/source/mtb_hal_nvm.o
LOAD C:/Users/wattenberg/mtw_3.4/12kW_Secondary/build/Custom/libraries_shared/mtb-hal-psc3/source/mtb_hal_nvm_mxs40flashc_v1.o
LOAD C:/Users/wattenberg/mtw_3.4/12kW_Secondary/build/Custom/libraries_shared/mtb-hal-psc3/source/mtb_hal_pwm.o
LOAD C:/Users/wattenberg/mtw_3.4/12kW_Secondary/build/Custom/libraries_shared/mtb-hal-psc3/source/mtb_hal_rtc.o
LOAD C:/Users/wattenberg/mtw_3.4/12kW_Secondary/build/Custom/libraries_shared/mtb-hal-psc3/source/mtb_hal_spi.o
LOAD C:/Users/wattenberg/mtw_3.4/12kW_Secondary/build/Custom/libraries_shared/mtb-hal-psc3/source/mtb_hal_syspm.o
LOAD C:/Users/wattenberg/mtw_3.4/12kW_Secondary/build/Custom/libraries_shared/mtb-hal-psc3/source/mtb_hal_system.o
LOAD C:/Users/wattenberg/mtw_3.4/12kW_Secondary/build/Custom/libraries_shared/mtb-hal-psc3/source/mtb_hal_timer.o
LOAD C:/Users/wattenberg/mtw_3.4/12kW_Secondary/build/Custom/libraries_shared/mtb-hal-psc3/source/mtb_hal_uart.o
LOAD C:/Users/wattenberg/mtw_3.4/12kW_Secondary/build/Custom/libraries_shared/mtb-hal-psc3/source/mtb_hal_utils_impl.o
LOAD C:/Users/wattenberg/mtw_3.4/12kW_Secondary/build/Custom/libraries_shared/mtb-pdl-cat1/devices/COMPONENT_CAT1B/source/cy_device.o
LOAD C:/Users/wattenberg/mtw_3.4/12kW_Secondary/build/Custom/libraries_shared/mtb-pdl-cat1/drivers/source/cy_adcmic.o
LOAD C:/Users/wattenberg/mtw_3.4/12kW_Secondary/build/Custom/libraries_shared/mtb-pdl-cat1/drivers/source/cy_axidmac.o
LOAD C:/Users/wattenberg/mtw_3.4/12kW_Secondary/build/Custom/libraries_shared/mtb-pdl-cat1/drivers/source/cy_ble_clk.o
LOAD C:/Users/wattenberg/mtw_3.4/12kW_Secondary/build/Custom/libraries_shared/mtb-pdl-cat1/drivers/source/cy_canfd.o
LOAD C:/Users/wattenberg/mtw_3.4/12kW_Secondary/build/Custom/libraries_shared/mtb-pdl-cat1/drivers/source/cy_cordic.o
LOAD C:/Users/wattenberg/mtw_3.4/12kW_Secondary/build/Custom/libraries_shared/mtb-pdl-cat1/drivers/source/cy_crypto.o
LOAD C:/Users/wattenberg/mtw_3.4/12kW_Secondary/build/Custom/libraries_shared/mtb-pdl-cat1/drivers/source/cy_crypto_core_aes_v1.o
LOAD C:/Users/wattenberg/mtw_3.4/12kW_Secondary/build/Custom/libraries_shared/mtb-pdl-cat1/drivers/source/cy_crypto_core_aes_v2.o
LOAD C:/Users/wattenberg/mtw_3.4/12kW_Secondary/build/Custom/libraries_shared/mtb-pdl-cat1/drivers/source/cy_crypto_core_cmac_v1.o
LOAD C:/Users/wattenberg/mtw_3.4/12kW_Secondary/build/Custom/libraries_shared/mtb-pdl-cat1/drivers/source/cy_crypto_core_cmac_v2.o
LOAD C:/Users/wattenberg/mtw_3.4/12kW_Secondary/build/Custom/libraries_shared/mtb-pdl-cat1/drivers/source/cy_crypto_core_crc_v1.o
LOAD C:/Users/wattenberg/mtw_3.4/12kW_Secondary/build/Custom/libraries_shared/mtb-pdl-cat1/drivers/source/cy_crypto_core_crc_v2.o
LOAD C:/Users/wattenberg/mtw_3.4/12kW_Secondary/build/Custom/libraries_shared/mtb-pdl-cat1/drivers/source/cy_crypto_core_des_v1.o
LOAD C:/Users/wattenberg/mtw_3.4/12kW_Secondary/build/Custom/libraries_shared/mtb-pdl-cat1/drivers/source/cy_crypto_core_des_v2.o
LOAD C:/Users/wattenberg/mtw_3.4/12kW_Secondary/build/Custom/libraries_shared/mtb-pdl-cat1/drivers/source/cy_crypto_core_ecc_domain_params.o
LOAD C:/Users/wattenberg/mtw_3.4/12kW_Secondary/build/Custom/libraries_shared/mtb-pdl-cat1/drivers/source/cy_crypto_core_ecc_ec25519.o
LOAD C:/Users/wattenberg/mtw_3.4/12kW_Secondary/build/Custom/libraries_shared/mtb-pdl-cat1/drivers/source/cy_crypto_core_ecc_ecdsa.o
LOAD C:/Users/wattenberg/mtw_3.4/12kW_Secondary/build/Custom/libraries_shared/mtb-pdl-cat1/drivers/source/cy_crypto_core_ecc_eddsa.o
LOAD C:/Users/wattenberg/mtw_3.4/12kW_Secondary/build/Custom/libraries_shared/mtb-pdl-cat1/drivers/source/cy_crypto_core_ecc_key_gen.o
LOAD C:/Users/wattenberg/mtw_3.4/12kW_Secondary/build/Custom/libraries_shared/mtb-pdl-cat1/drivers/source/cy_crypto_core_ecc_nist_p.o
LOAD C:/Users/wattenberg/mtw_3.4/12kW_Secondary/build/Custom/libraries_shared/mtb-pdl-cat1/drivers/source/cy_crypto_core_hkdf_v2.o
LOAD C:/Users/wattenberg/mtw_3.4/12kW_Secondary/build/Custom/libraries_shared/mtb-pdl-cat1/drivers/source/cy_crypto_core_hmac_v1.o
LOAD C:/Users/wattenberg/mtw_3.4/12kW_Secondary/build/Custom/libraries_shared/mtb-pdl-cat1/drivers/source/cy_crypto_core_hmac_v2.o
LOAD C:/Users/wattenberg/mtw_3.4/12kW_Secondary/build/Custom/libraries_shared/mtb-pdl-cat1/drivers/source/cy_crypto_core_hw.o
LOAD C:/Users/wattenberg/mtw_3.4/12kW_Secondary/build/Custom/libraries_shared/mtb-pdl-cat1/drivers/source/cy_crypto_core_hw_v1.o
LOAD C:/Users/wattenberg/mtw_3.4/12kW_Secondary/build/Custom/libraries_shared/mtb-pdl-cat1/drivers/source/cy_crypto_core_mem_v1.o
LOAD C:/Users/wattenberg/mtw_3.4/12kW_Secondary/build/Custom/libraries_shared/mtb-pdl-cat1/drivers/source/cy_crypto_core_mem_v2.o
LOAD C:/Users/wattenberg/mtw_3.4/12kW_Secondary/build/Custom/libraries_shared/mtb-pdl-cat1/drivers/source/cy_crypto_core_prng_v1.o
LOAD C:/Users/wattenberg/mtw_3.4/12kW_Secondary/build/Custom/libraries_shared/mtb-pdl-cat1/drivers/source/cy_crypto_core_prng_v2.o
LOAD C:/Users/wattenberg/mtw_3.4/12kW_Secondary/build/Custom/libraries_shared/mtb-pdl-cat1/drivers/source/cy_crypto_core_rsa.o
LOAD C:/Users/wattenberg/mtw_3.4/12kW_Secondary/build/Custom/libraries_shared/mtb-pdl-cat1/drivers/source/cy_crypto_core_sha_v1.o
LOAD C:/Users/wattenberg/mtw_3.4/12kW_Secondary/build/Custom/libraries_shared/mtb-pdl-cat1/drivers/source/cy_crypto_core_sha_v2.o
LOAD C:/Users/wattenberg/mtw_3.4/12kW_Secondary/build/Custom/libraries_shared/mtb-pdl-cat1/drivers/source/cy_crypto_core_trng.o
LOAD C:/Users/wattenberg/mtw_3.4/12kW_Secondary/build/Custom/libraries_shared/mtb-pdl-cat1/drivers/source/cy_crypto_core_vu.o
LOAD C:/Users/wattenberg/mtw_3.4/12kW_Secondary/build/Custom/libraries_shared/mtb-pdl-cat1/drivers/source/cy_crypto_server.o
LOAD C:/Users/wattenberg/mtw_3.4/12kW_Secondary/build/Custom/libraries_shared/mtb-pdl-cat1/drivers/source/cy_cryptolite_aes.o
LOAD C:/Users/wattenberg/mtw_3.4/12kW_Secondary/build/Custom/libraries_shared/mtb-pdl-cat1/drivers/source/cy_cryptolite_aes_ccm.o
LOAD C:/Users/wattenberg/mtw_3.4/12kW_Secondary/build/Custom/libraries_shared/mtb-pdl-cat1/drivers/source/cy_cryptolite_cmac.o
LOAD C:/Users/wattenberg/mtw_3.4/12kW_Secondary/build/Custom/libraries_shared/mtb-pdl-cat1/drivers/source/cy_cryptolite_ecc_ec25519.o
LOAD C:/Users/wattenberg/mtw_3.4/12kW_Secondary/build/Custom/libraries_shared/mtb-pdl-cat1/drivers/source/cy_cryptolite_ecc_eddsa.o
LOAD C:/Users/wattenberg/mtw_3.4/12kW_Secondary/build/Custom/libraries_shared/mtb-pdl-cat1/drivers/source/cy_cryptolite_ecc_key_gen.o
LOAD C:/Users/wattenberg/mtw_3.4/12kW_Secondary/build/Custom/libraries_shared/mtb-pdl-cat1/drivers/source/cy_cryptolite_ecdsa.o
LOAD C:/Users/wattenberg/mtw_3.4/12kW_Secondary/build/Custom/libraries_shared/mtb-pdl-cat1/drivers/source/cy_cryptolite_hkdf.o
LOAD C:/Users/wattenberg/mtw_3.4/12kW_Secondary/build/Custom/libraries_shared/mtb-pdl-cat1/drivers/source/cy_cryptolite_hmac.o
LOAD C:/Users/wattenberg/mtw_3.4/12kW_Secondary/build/Custom/libraries_shared/mtb-pdl-cat1/drivers/source/cy_cryptolite_nist_p.o
LOAD C:/Users/wattenberg/mtw_3.4/12kW_Secondary/build/Custom/libraries_shared/mtb-pdl-cat1/drivers/source/cy_cryptolite_rsa.o
LOAD C:/Users/wattenberg/mtw_3.4/12kW_Secondary/build/Custom/libraries_shared/mtb-pdl-cat1/drivers/source/cy_cryptolite_sha256.o
LOAD C:/Users/wattenberg/mtw_3.4/12kW_Secondary/build/Custom/libraries_shared/mtb-pdl-cat1/drivers/source/cy_cryptolite_trng.o
LOAD C:/Users/wattenberg/mtw_3.4/12kW_Secondary/build/Custom/libraries_shared/mtb-pdl-cat1/drivers/source/cy_cryptolite_utils.o
LOAD C:/Users/wattenberg/mtw_3.4/12kW_Secondary/build/Custom/libraries_shared/mtb-pdl-cat1/drivers/source/cy_cryptolite_vu.o
LOAD C:/Users/wattenberg/mtw_3.4/12kW_Secondary/build/Custom/libraries_shared/mtb-pdl-cat1/drivers/source/cy_csd.o
LOAD C:/Users/wattenberg/mtw_3.4/12kW_Secondary/build/Custom/libraries_shared/mtb-pdl-cat1/drivers/source/cy_ctb.o
LOAD C:/Users/wattenberg/mtw_3.4/12kW_Secondary/build/Custom/libraries_shared/mtb-pdl-cat1/drivers/source/cy_ctdac.o
LOAD C:/Users/wattenberg/mtw_3.4/12kW_Secondary/build/Custom/libraries_shared/mtb-pdl-cat1/drivers/source/cy_dma.o
LOAD C:/Users/wattenberg/mtw_3.4/12kW_Secondary/build/Custom/libraries_shared/mtb-pdl-cat1/drivers/source/cy_dmac.o
LOAD C:/Users/wattenberg/mtw_3.4/12kW_Secondary/build/Custom/libraries_shared/mtb-pdl-cat1/drivers/source/cy_efuse.o
LOAD C:/Users/wattenberg/mtw_3.4/12kW_Secondary/build/Custom/libraries_shared/mtb-pdl-cat1/drivers/source/cy_efuse_v3.o
LOAD C:/Users/wattenberg/mtw_3.4/12kW_Secondary/build/Custom/libraries_shared/mtb-pdl-cat1/drivers/source/cy_ephy.o
LOAD C:/Users/wattenberg/mtw_3.4/12kW_Secondary/build/Custom/libraries_shared/mtb-pdl-cat1/drivers/source/cy_ethif.o
LOAD C:/Users/wattenberg/mtw_3.4/12kW_Secondary/build/Custom/libraries_shared/mtb-pdl-cat1/drivers/source/cy_evtgen.o
LOAD C:/Users/wattenberg/mtw_3.4/12kW_Secondary/build/Custom/libraries_shared/mtb-pdl-cat1/drivers/source/cy_flash.o
LOAD C:/Users/wattenberg/mtw_3.4/12kW_Secondary/build/Custom/libraries_shared/mtb-pdl-cat1/drivers/source/cy_flash_srom.o
LOAD C:/Users/wattenberg/mtw_3.4/12kW_Secondary/build/Custom/libraries_shared/mtb-pdl-cat1/drivers/source/cy_flash_v2.o
LOAD C:/Users/wattenberg/mtw_3.4/12kW_Secondary/build/Custom/libraries_shared/mtb-pdl-cat1/drivers/source/cy_gpio.o
LOAD C:/Users/wattenberg/mtw_3.4/12kW_Secondary/build/Custom/libraries_shared/mtb-pdl-cat1/drivers/source/cy_hppass.o
LOAD C:/Users/wattenberg/mtw_3.4/12kW_Secondary/build/Custom/libraries_shared/mtb-pdl-cat1/drivers/source/cy_hppass_ac.o
LOAD C:/Users/wattenberg/mtw_3.4/12kW_Secondary/build/Custom/libraries_shared/mtb-pdl-cat1/drivers/source/cy_hppass_csg.o
LOAD C:/Users/wattenberg/mtw_3.4/12kW_Secondary/build/Custom/libraries_shared/mtb-pdl-cat1/drivers/source/cy_hppass_sar.o
LOAD C:/Users/wattenberg/mtw_3.4/12kW_Secondary/build/Custom/libraries_shared/mtb-pdl-cat1/drivers/source/cy_i2s.o
LOAD C:/Users/wattenberg/mtw_3.4/12kW_Secondary/build/Custom/libraries_shared/mtb-pdl-cat1/drivers/source/cy_ipc_bt.o
LOAD C:/Users/wattenberg/mtw_3.4/12kW_Secondary/build/Custom/libraries_shared/mtb-pdl-cat1/drivers/source/cy_ipc_drv.o
LOAD C:/Users/wattenberg/mtw_3.4/12kW_Secondary/build/Custom/libraries_shared/mtb-pdl-cat1/drivers/source/cy_ipc_pipe.o
LOAD C:/Users/wattenberg/mtw_3.4/12kW_Secondary/build/Custom/libraries_shared/mtb-pdl-cat1/drivers/source/cy_ipc_sema.o
LOAD C:/Users/wattenberg/mtw_3.4/12kW_Secondary/build/Custom/libraries_shared/mtb-pdl-cat1/drivers/source/cy_keyscan.o
LOAD C:/Users/wattenberg/mtw_3.4/12kW_Secondary/build/Custom/libraries_shared/mtb-pdl-cat1/drivers/source/cy_lin.o
LOAD C:/Users/wattenberg/mtw_3.4/12kW_Secondary/build/Custom/libraries_shared/mtb-pdl-cat1/drivers/source/cy_lpcomp.o
LOAD C:/Users/wattenberg/mtw_3.4/12kW_Secondary/build/Custom/libraries_shared/mtb-pdl-cat1/drivers/source/cy_lvd.o
LOAD C:/Users/wattenberg/mtw_3.4/12kW_Secondary/build/Custom/libraries_shared/mtb-pdl-cat1/drivers/source/cy_lvd_ht.o
LOAD C:/Users/wattenberg/mtw_3.4/12kW_Secondary/build/Custom/libraries_shared/mtb-pdl-cat1/drivers/source/cy_mcwdt.o
LOAD C:/Users/wattenberg/mtw_3.4/12kW_Secondary/build/Custom/libraries_shared/mtb-pdl-cat1/drivers/source/cy_mcwdt_b.o
LOAD C:/Users/wattenberg/mtw_3.4/12kW_Secondary/build/Custom/libraries_shared/mtb-pdl-cat1/drivers/source/cy_mixer.o
LOAD C:/Users/wattenberg/mtw_3.4/12kW_Secondary/build/Custom/libraries_shared/mtb-pdl-cat1/drivers/source/cy_mpc.o
LOAD C:/Users/wattenberg/mtw_3.4/12kW_Secondary/build/Custom/libraries_shared/mtb-pdl-cat1/drivers/source/cy_ms_ctl.o
LOAD C:/Users/wattenberg/mtw_3.4/12kW_Secondary/build/Custom/libraries_shared/mtb-pdl-cat1/drivers/source/cy_pdm_pcm.o
LOAD C:/Users/wattenberg/mtw_3.4/12kW_Secondary/build/Custom/libraries_shared/mtb-pdl-cat1/drivers/source/cy_pdm_pcm_v2.o
LOAD C:/Users/wattenberg/mtw_3.4/12kW_Secondary/build/Custom/libraries_shared/mtb-pdl-cat1/drivers/source/cy_ppc.o
LOAD C:/Users/wattenberg/mtw_3.4/12kW_Secondary/build/Custom/libraries_shared/mtb-pdl-cat1/drivers/source/cy_pra.o
LOAD C:/Users/wattenberg/mtw_3.4/12kW_Secondary/build/Custom/libraries_shared/mtb-pdl-cat1/drivers/source/cy_pra_cfg.o
LOAD C:/Users/wattenberg/mtw_3.4/12kW_Secondary/build/Custom/libraries_shared/mtb-pdl-cat1/drivers/source/cy_profile.o
LOAD C:/Users/wattenberg/mtw_3.4/12kW_Secondary/build/Custom/libraries_shared/mtb-pdl-cat1/drivers/source/cy_prot.o
LOAD C:/Users/wattenberg/mtw_3.4/12kW_Secondary/build/Custom/libraries_shared/mtb-pdl-cat1/drivers/source/cy_rtc.o
LOAD C:/Users/wattenberg/mtw_3.4/12kW_Secondary/build/Custom/libraries_shared/mtb-pdl-cat1/drivers/source/cy_sar.o
LOAD C:/Users/wattenberg/mtw_3.4/12kW_Secondary/build/Custom/libraries_shared/mtb-pdl-cat1/drivers/source/cy_sar2.o
LOAD C:/Users/wattenberg/mtw_3.4/12kW_Secondary/build/Custom/libraries_shared/mtb-pdl-cat1/drivers/source/cy_scb_common.o
LOAD C:/Users/wattenberg/mtw_3.4/12kW_Secondary/build/Custom/libraries_shared/mtb-pdl-cat1/drivers/source/cy_scb_ezi2c.o
LOAD C:/Users/wattenberg/mtw_3.4/12kW_Secondary/build/Custom/libraries_shared/mtb-pdl-cat1/drivers/source/cy_scb_i2c.o
LOAD C:/Users/wattenberg/mtw_3.4/12kW_Secondary/build/Custom/libraries_shared/mtb-pdl-cat1/drivers/source/cy_scb_spi.o
LOAD C:/Users/wattenberg/mtw_3.4/12kW_Secondary/build/Custom/libraries_shared/mtb-pdl-cat1/drivers/source/cy_scb_uart.o
LOAD C:/Users/wattenberg/mtw_3.4/12kW_Secondary/build/Custom/libraries_shared/mtb-pdl-cat1/drivers/source/cy_sd_host.o
LOAD C:/Users/wattenberg/mtw_3.4/12kW_Secondary/build/Custom/libraries_shared/mtb-pdl-cat1/drivers/source/cy_seglcd.o
LOAD C:/Users/wattenberg/mtw_3.4/12kW_Secondary/build/Custom/libraries_shared/mtb-pdl-cat1/drivers/source/cy_smartio.o
LOAD C:/Users/wattenberg/mtw_3.4/12kW_Secondary/build/Custom/libraries_shared/mtb-pdl-cat1/drivers/source/cy_smif.o
LOAD C:/Users/wattenberg/mtw_3.4/12kW_Secondary/build/Custom/libraries_shared/mtb-pdl-cat1/drivers/source/cy_smif_hb_flash.o
LOAD C:/Users/wattenberg/mtw_3.4/12kW_Secondary/build/Custom/libraries_shared/mtb-pdl-cat1/drivers/source/cy_smif_memslot.o
LOAD C:/Users/wattenberg/mtw_3.4/12kW_Secondary/build/Custom/libraries_shared/mtb-pdl-cat1/drivers/source/cy_smif_sfdp.o
LOAD C:/Users/wattenberg/mtw_3.4/12kW_Secondary/build/Custom/libraries_shared/mtb-pdl-cat1/drivers/source/cy_sysanalog.o
LOAD C:/Users/wattenberg/mtw_3.4/12kW_Secondary/build/Custom/libraries_shared/mtb-pdl-cat1/drivers/source/cy_sysclk.o
LOAD C:/Users/wattenberg/mtw_3.4/12kW_Secondary/build/Custom/libraries_shared/mtb-pdl-cat1/drivers/source/cy_sysclk_v2.o
LOAD C:/Users/wattenberg/mtw_3.4/12kW_Secondary/build/Custom/libraries_shared/mtb-pdl-cat1/drivers/source/cy_sysfault.o
LOAD C:/Users/wattenberg/mtw_3.4/12kW_Secondary/build/Custom/libraries_shared/mtb-pdl-cat1/drivers/source/cy_sysint.o
LOAD C:/Users/wattenberg/mtw_3.4/12kW_Secondary/build/Custom/libraries_shared/mtb-pdl-cat1/drivers/source/cy_sysint_v2.o
LOAD C:/Users/wattenberg/mtw_3.4/12kW_Secondary/build/Custom/libraries_shared/mtb-pdl-cat1/drivers/source/cy_syslib.o
LOAD C:/Users/wattenberg/mtw_3.4/12kW_Secondary/build/Custom/libraries_shared/mtb-pdl-cat1/drivers/source/cy_syspm.o
LOAD C:/Users/wattenberg/mtw_3.4/12kW_Secondary/build/Custom/libraries_shared/mtb-pdl-cat1/drivers/source/cy_syspm_btss.o
LOAD C:/Users/wattenberg/mtw_3.4/12kW_Secondary/build/Custom/libraries_shared/mtb-pdl-cat1/drivers/source/cy_syspm_pdcm.o
LOAD C:/Users/wattenberg/mtw_3.4/12kW_Secondary/build/Custom/libraries_shared/mtb-pdl-cat1/drivers/source/cy_syspm_ppu.o
LOAD C:/Users/wattenberg/mtw_3.4/12kW_Secondary/build/Custom/libraries_shared/mtb-pdl-cat1/drivers/source/cy_syspm_v2.o
LOAD C:/Users/wattenberg/mtw_3.4/12kW_Secondary/build/Custom/libraries_shared/mtb-pdl-cat1/drivers/source/cy_syspm_v3.o
LOAD C:/Users/wattenberg/mtw_3.4/12kW_Secondary/build/Custom/libraries_shared/mtb-pdl-cat1/drivers/source/cy_syspm_v4.o
LOAD C:/Users/wattenberg/mtw_3.4/12kW_Secondary/build/Custom/libraries_shared/mtb-pdl-cat1/drivers/source/cy_systick.o
LOAD C:/Users/wattenberg/mtw_3.4/12kW_Secondary/build/Custom/libraries_shared/mtb-pdl-cat1/drivers/source/cy_systick_v2.o
LOAD C:/Users/wattenberg/mtw_3.4/12kW_Secondary/build/Custom/libraries_shared/mtb-pdl-cat1/drivers/source/cy_tcpwm_counter.o
LOAD C:/Users/wattenberg/mtw_3.4/12kW_Secondary/build/Custom/libraries_shared/mtb-pdl-cat1/drivers/source/cy_tcpwm_motif.o
LOAD C:/Users/wattenberg/mtw_3.4/12kW_Secondary/build/Custom/libraries_shared/mtb-pdl-cat1/drivers/source/cy_tcpwm_pwm.o
LOAD C:/Users/wattenberg/mtw_3.4/12kW_Secondary/build/Custom/libraries_shared/mtb-pdl-cat1/drivers/source/cy_tcpwm_quaddec.o
LOAD C:/Users/wattenberg/mtw_3.4/12kW_Secondary/build/Custom/libraries_shared/mtb-pdl-cat1/drivers/source/cy_tcpwm_shiftreg.o
LOAD C:/Users/wattenberg/mtw_3.4/12kW_Secondary/build/Custom/libraries_shared/mtb-pdl-cat1/drivers/source/cy_tdm.o
LOAD C:/Users/wattenberg/mtw_3.4/12kW_Secondary/build/Custom/libraries_shared/mtb-pdl-cat1/drivers/source/cy_trigmux.o
LOAD C:/Users/wattenberg/mtw_3.4/12kW_Secondary/build/Custom/libraries_shared/mtb-pdl-cat1/drivers/source/cy_usbfs_dev_drv.o
LOAD C:/Users/wattenberg/mtw_3.4/12kW_Secondary/build/Custom/libraries_shared/mtb-pdl-cat1/drivers/source/cy_usbfs_dev_drv_io.o
LOAD C:/Users/wattenberg/mtw_3.4/12kW_Secondary/build/Custom/libraries_shared/mtb-pdl-cat1/drivers/source/cy_usbfs_dev_drv_io_dma.o
LOAD C:/Users/wattenberg/mtw_3.4/12kW_Secondary/build/Custom/libraries_shared/mtb-pdl-cat1/drivers/source/cy_wdt.o
LOAD C:/Users/wattenberg/mtw_3.4/12kW_Secondary/build/Custom/libraries_shared/mtb-pdl-cat1/drivers/source/cy_wdt_b.o
LOAD C:/Users/wattenberg/mtw_3.4/12kW_Secondary/build/Custom/libraries_shared/mtb-pdl-cat1/drivers/source/ppu_v1.o
LOAD C:/Users/wattenberg/mtw_3.4/12kW_Secondary/build/Custom/libraries_shared/mtb-pdl-cat1/drivers/third_party/ethernet/src/edd.o
LOAD C:/Users/wattenberg/mtw_3.4/12kW_Secondary/build/Custom/libraries_shared/mtb-pdl-cat1/drivers/third_party/ethernet/src/edd_rx.o
LOAD C:/Users/wattenberg/mtw_3.4/12kW_Secondary/build/Custom/libraries_shared/mtb-pdl-cat1/drivers/third_party/ethernet/src/edd_tx.o
LOAD C:/Users/wattenberg/mtw_3.4/12kW_Secondary/build/Custom/libraries_shared/syspm-callbacks-psc3/source/mtb_syspm_callbacks_dma.o
LOAD C:/Users/wattenberg/mtw_3.4/12kW_Secondary/build/Custom/libraries_shared/syspm-callbacks-psc3/source/mtb_syspm_callbacks_nvm.o
LOAD C:/Users/wattenberg/mtw_3.4/12kW_Secondary/build/Custom/libraries_shared/syspm-callbacks-psc3/source/mtb_syspm_callbacks_scb_uart.o
LOAD C:/Users/wattenberg/mtw_3.4/12kW_Secondary/build/Custom/libraries_shared/syspm-callbacks-psc3/source/mtb_syspm_callbacks_tcpwm.o
END GROUP
LOAD c:/users/wattenberg/infineon/tools/mtb-gcc-arm-eabi/11.3.1/gcc/bin/../lib/gcc/arm-none-eabi/11.3.1/thumb/v8-m.main/nofp\libstdc++_nano.a
LOAD c:/users/wattenberg/infineon/tools/mtb-gcc-arm-eabi/11.3.1/gcc/bin/../lib/gcc/arm-none-eabi/11.3.1/thumb/v8-m.main/nofp\libm.a
START GROUP
LOAD c:/users/wattenberg/infineon/tools/mtb-gcc-arm-eabi/11.3.1/gcc/bin/../lib/gcc/arm-none-eabi/11.3.1/thumb/v8-m.main/nofp\libgcc.a
LOAD c:/users/wattenberg/infineon/tools/mtb-gcc-arm-eabi/11.3.1/gcc/bin/../lib/gcc/arm-none-eabi/11.3.1/thumb/v8-m.main/nofp\libg_nano.a
LOAD c:/users/wattenberg/infineon/tools/mtb-gcc-arm-eabi/11.3.1/gcc/bin/../lib/gcc/arm-none-eabi/11.3.1/thumb/v8-m.main/nofp\libc_nano.a
END GROUP
START GROUP
LOAD c:/users/wattenberg/infineon/tools/mtb-gcc-arm-eabi/11.3.1/gcc/bin/../lib/gcc/arm-none-eabi/11.3.1/thumb/v8-m.main/nofp\libgcc.a
LOAD c:/users/wattenberg/infineon/tools/mtb-gcc-arm-eabi/11.3.1/gcc/bin/../lib/gcc/arm-none-eabi/11.3.1/thumb/v8-m.main/nofp\libc_nano.a
END GROUP
LOAD c:/users/wattenberg/infineon/tools/mtb-gcc-arm-eabi/11.3.1/gcc/bin/../lib/gcc/arm-none-eabi/11.3.1/thumb/v8-m.main/nofp/crtend.o
LOAD c:/users/wattenberg/infineon/tools/mtb-gcc-arm-eabi/11.3.1/gcc/bin/../lib/gcc/arm-none-eabi/11.3.1/thumb/v8-m.main/nofp/crtn.o
START GROUP
LOAD c:/users/wattenberg/infineon/tools/mtb-gcc-arm-eabi/11.3.1/gcc/bin/../lib/gcc/arm-none-eabi/11.3.1/thumb/v8-m.main/nofp\libgcc.a
LOAD c:/users/wattenberg/infineon/tools/mtb-gcc-arm-eabi/11.3.1/gcc/bin/../lib/gcc/arm-none-eabi/11.3.1/thumb/v8-m.main/nofp\libc.a
LOAD c:/users/wattenberg/infineon/tools/mtb-gcc-arm-eabi/11.3.1/gcc/bin/../lib/gcc/arm-none-eabi/11.3.1/thumb/v8-m.main/nofp\libnosys.a
END GROUP
START GROUP
LOAD c:/users/wattenberg/infineon/tools/mtb-gcc-arm-eabi/11.3.1/gcc/bin/../lib/gcc/arm-none-eabi/11.3.1/thumb/v8-m.main/nofp\libgcc.a
LOAD c:/users/wattenberg/infineon/tools/mtb-gcc-arm-eabi/11.3.1/gcc/bin/../lib/gcc/arm-none-eabi/11.3.1/thumb/v8-m.main/nofp\libc.a
LOAD c:/users/wattenberg/infineon/tools/mtb-gcc-arm-eabi/11.3.1/gcc/bin/../lib/gcc/arm-none-eabi/11.3.1/thumb/v8-m.main/nofp\libm.a
LOAD c:/users/wattenberg/infineon/tools/mtb-gcc-arm-eabi/11.3.1/gcc/bin/../lib/gcc/arm-none-eabi/11.3.1/thumb/v8-m.main/nofp\libnosys.a
END GROUP
                0x00001000                STACK_SIZE = 0x1000
                0x00000400                RAMVECTORS_ALIGNMENT = 0x400
                0x34000000                _base_SRAM = 0x34000000
                0x00010000                _size_SRAM = 0x10000
                0x00010000                _size_DATA_SRAM = DEFINED (_size_S_SRAM)?_size_S_SRAM:0x10000
                0x00000100                _size_FLASH_NSC = 0x100
                0x00000800                _size_SRAM_S_SHM = 0x800
                0x12000000                _base_CODE_FLASH_VMA = 0x12000000
                0x32000000                _base_CODE_FLASH_LMA = 0x32000000
                0x0003ff00                _size_CODE_FLASH = DEFINED (_size_S_FLASH)?(_size_S_FLASH - _size_FLASH_NSC):(0x40000 - _size_FLASH_NSC)
                0x1203ff00                _base_FLASH_NSC_VMA = (_base_CODE_FLASH_VMA + _size_CODE_FLASH)
                0x3203ff00                _base_FLASH_NSC_LMA = (_base_CODE_FLASH_LMA + _size_CODE_FLASH)
                0x3400f800                _base_SRAM_S_SHM = ((_base_SRAM + _size_SRAM) - _size_SRAM_S_SHM)
START GROUP
LOAD c:/users/wattenberg/infineon/tools/mtb-gcc-arm-eabi/11.3.1/gcc/bin/../lib/gcc/arm-none-eabi/11.3.1/thumb/v8-m.main/nofp\libgcc.a
LOAD c:/users/wattenberg/infineon/tools/mtb-gcc-arm-eabi/11.3.1/gcc/bin/../lib/gcc/arm-none-eabi/11.3.1/thumb/v8-m.main/nofp\libc.a
LOAD c:/users/wattenberg/infineon/tools/mtb-gcc-arm-eabi/11.3.1/gcc/bin/../lib/gcc/arm-none-eabi/11.3.1/thumb/v8-m.main/nofp\libm.a
LOAD c:/users/wattenberg/infineon/tools/mtb-gcc-arm-eabi/11.3.1/gcc/bin/../lib/gcc/arm-none-eabi/11.3.1/thumb/v8-m.main/nofp\libnosys.a
END GROUP

.text           0x12000000     0x6860 load address 0x32000000
                0x12000000                . = ALIGN (0x4)
                0x12000000                __Vectors = .
 *(.vectors)
 .vectors       0x12000000      0x270 C:/Users/wattenberg/mtw_3.4/12kW_Secondary/build/Custom/bsps/12kW_Secondary/startup_cat1b_cm33.o
                0x12000270                . = ALIGN (0x4)
                0x12000270                __Vectors_End = .
                0x12000270                __Vectors_Size = (__Vectors_End - __Vectors)
                0x34000720                __end__ = .
                0x12000270                . = ALIGN (0x4)
 *(.text*)
 .text.deregister_tm_clones
                0x12000270       0x1c c:/users/wattenberg/infineon/tools/mtb-gcc-arm-eabi/11.3.1/gcc/bin/../lib/gcc/arm-none-eabi/11.3.1/thumb/v8-m.main/nofp/crtbegin.o
 .text.register_tm_clones
                0x1200028c       0x28 c:/users/wattenberg/infineon/tools/mtb-gcc-arm-eabi/11.3.1/gcc/bin/../lib/gcc/arm-none-eabi/11.3.1/thumb/v8-m.main/nofp/crtbegin.o
 .text.__do_global_dtors_aux
                0x120002b4       0x28 c:/users/wattenberg/infineon/tools/mtb-gcc-arm-eabi/11.3.1/gcc/bin/../lib/gcc/arm-none-eabi/11.3.1/thumb/v8-m.main/nofp/crtbegin.o
 .text.frame_dummy
                0x120002dc       0x24 c:/users/wattenberg/infineon/tools/mtb-gcc-arm-eabi/11.3.1/gcc/bin/../lib/gcc/arm-none-eabi/11.3.1/thumb/v8-m.main/nofp/crtbegin.o
 .text          0x12000300       0x7c c:/users/wattenberg/infineon/tools/mtb-gcc-arm-eabi/11.3.1/gcc/bin/../lib/gcc/arm-none-eabi/11.3.1/thumb/v8-m.main/nofp/crt0.o
                0x12000300                _stack_init
                0x12000308                _start
                0x12000308                _mainCRTStartup
 .text.init_cycfg_all
                0x1200037c       0x10 C:/Users/wattenberg/mtw_3.4/12kW_Secondary/build/Custom/bsps/12kW_Secondary/config/GeneratedSource/cycfg.o
                0x1200037c                init_cycfg_all
 .text.cycfg_config_init
                0x1200038c       0x1c C:/Users/wattenberg/mtw_3.4/12kW_Secondary/build/Custom/bsps/12kW_Secondary/config/GeneratedSource/cycfg.o
                0x1200038c                cycfg_config_init
 .text.cycfg_config_reservations
                0x120003a8       0x14 C:/Users/wattenberg/mtw_3.4/12kW_Secondary/build/Custom/bsps/12kW_Secondary/config/GeneratedSource/cycfg.o
                0x120003a8                cycfg_config_reservations
 .text.init_cycfg_clocks
                0x120003bc       0x7a C:/Users/wattenberg/mtw_3.4/12kW_Secondary/build/Custom/bsps/12kW_Secondary/config/GeneratedSource/cycfg_clocks.o
                0x120003bc                init_cycfg_clocks
 .text.reserve_cycfg_clocks
                0x12000436        0xc C:/Users/wattenberg/mtw_3.4/12kW_Secondary/build/Custom/bsps/12kW_Secondary/config/GeneratedSource/cycfg_clocks.o
                0x12000436                reserve_cycfg_clocks
 .text.pass_0_error
                0x12000442        0xa C:/Users/wattenberg/mtw_3.4/12kW_Secondary/build/Custom/bsps/12kW_Secondary/config/GeneratedSource/cycfg_peripherals.o
                0x12000442                pass_0_error
 .text.init_cycfg_peripherals
                0x1200044c       0x5c C:/Users/wattenberg/mtw_3.4/12kW_Secondary/build/Custom/bsps/12kW_Secondary/config/GeneratedSource/cycfg_peripherals.o
                0x1200044c                init_cycfg_peripherals
 .text.reserve_cycfg_peripherals
                0x120004a8        0xc C:/Users/wattenberg/mtw_3.4/12kW_Secondary/build/Custom/bsps/12kW_Secondary/config/GeneratedSource/cycfg_peripherals.o
                0x120004a8                reserve_cycfg_peripherals
 .text.init_cycfg_pins
                0x120004b4      0x120 C:/Users/wattenberg/mtw_3.4/12kW_Secondary/build/Custom/bsps/12kW_Secondary/config/GeneratedSource/cycfg_pins.o
                0x120004b4                init_cycfg_pins
 .text.reserve_cycfg_pins
                0x120005d4        0xc C:/Users/wattenberg/mtw_3.4/12kW_Secondary/build/Custom/bsps/12kW_Secondary/config/GeneratedSource/cycfg_pins.o
                0x120005d4                reserve_cycfg_pins
 .text.init_cycfg_routing
                0x120005e0       0x2c C:/Users/wattenberg/mtw_3.4/12kW_Secondary/build/Custom/bsps/12kW_Secondary/config/GeneratedSource/cycfg_routing.o
                0x120005e0                init_cycfg_routing
 .text.cycfg_ClockStartupError
                0x1200060c        0xa C:/Users/wattenberg/mtw_3.4/12kW_Secondary/build/Custom/bsps/12kW_Secondary/config/GeneratedSource/cycfg_system.o
                0x1200060c                cycfg_ClockStartupError
 .text.Cy_SysClk_ClkBakInit
                0x12000616        0xe C:/Users/wattenberg/mtw_3.4/12kW_Secondary/build/Custom/bsps/12kW_Secondary/config/GeneratedSource/cycfg_system.o
 .text.Cy_SysClk_Dpll_Lp0_Init
                0x12000624       0x3c C:/Users/wattenberg/mtw_3.4/12kW_Secondary/build/Custom/bsps/12kW_Secondary/config/GeneratedSource/cycfg_system.o
 .text.Cy_SysClk_ClkHf0Init
                0x12000660       0x18 C:/Users/wattenberg/mtw_3.4/12kW_Secondary/build/Custom/bsps/12kW_Secondary/config/GeneratedSource/cycfg_system.o
 .text.Cy_SysClk_ClkHf1Init
                0x12000678       0x1e C:/Users/wattenberg/mtw_3.4/12kW_Secondary/build/Custom/bsps/12kW_Secondary/config/GeneratedSource/cycfg_system.o
 .text.Cy_SysClk_ClkHf2Init
                0x12000696       0x1e C:/Users/wattenberg/mtw_3.4/12kW_Secondary/build/Custom/bsps/12kW_Secondary/config/GeneratedSource/cycfg_system.o
 .text.Cy_SysClk_ClkHf3Init
                0x120006b4       0x1e C:/Users/wattenberg/mtw_3.4/12kW_Secondary/build/Custom/bsps/12kW_Secondary/config/GeneratedSource/cycfg_system.o
 .text.Cy_SysClk_ClkHf4Init
                0x120006d2       0x1e C:/Users/wattenberg/mtw_3.4/12kW_Secondary/build/Custom/bsps/12kW_Secondary/config/GeneratedSource/cycfg_system.o
 .text.Cy_SysClk_ClkHf5Init
                0x120006f0       0x1e C:/Users/wattenberg/mtw_3.4/12kW_Secondary/build/Custom/bsps/12kW_Secondary/config/GeneratedSource/cycfg_system.o
 .text.Cy_SysClk_IhoInit
                0x1200070e        0xc C:/Users/wattenberg/mtw_3.4/12kW_Secondary/build/Custom/bsps/12kW_Secondary/config/GeneratedSource/cycfg_system.o
 .text.Cy_SysClk_IloInit
                0x1200071a       0x12 C:/Users/wattenberg/mtw_3.4/12kW_Secondary/build/Custom/bsps/12kW_Secondary/config/GeneratedSource/cycfg_system.o
 .text.Cy_SysClk_ClkLfInit
                0x1200072c        0xe C:/Users/wattenberg/mtw_3.4/12kW_Secondary/build/Custom/bsps/12kW_Secondary/config/GeneratedSource/cycfg_system.o
 .text.Cy_SysClk_ClkPath0Init
                0x1200073a       0x10 C:/Users/wattenberg/mtw_3.4/12kW_Secondary/build/Custom/bsps/12kW_Secondary/config/GeneratedSource/cycfg_system.o
 .text.Cy_SysClk_ClkPath1Init
                0x1200074a       0x10 C:/Users/wattenberg/mtw_3.4/12kW_Secondary/build/Custom/bsps/12kW_Secondary/config/GeneratedSource/cycfg_system.o
 .text.Cy_SysClk_ClkPath2Init
                0x1200075a       0x10 C:/Users/wattenberg/mtw_3.4/12kW_Secondary/build/Custom/bsps/12kW_Secondary/config/GeneratedSource/cycfg_system.o
 .text.Cy_SysClk_ClkPath3Init
                0x1200076a       0x10 C:/Users/wattenberg/mtw_3.4/12kW_Secondary/build/Custom/bsps/12kW_Secondary/config/GeneratedSource/cycfg_system.o
 .text.Cy_SysClk_ClkPath4Init
                0x1200077a       0x10 C:/Users/wattenberg/mtw_3.4/12kW_Secondary/build/Custom/bsps/12kW_Secondary/config/GeneratedSource/cycfg_system.o
 .text.Cy_SysClk_ClkPath5Init
                0x1200078a       0x10 C:/Users/wattenberg/mtw_3.4/12kW_Secondary/build/Custom/bsps/12kW_Secondary/config/GeneratedSource/cycfg_system.o
 .text.Cy_SysClk_ClkPath6Init
                0x1200079a       0x10 C:/Users/wattenberg/mtw_3.4/12kW_Secondary/build/Custom/bsps/12kW_Secondary/config/GeneratedSource/cycfg_system.o
 .text.init_cycfg_power
                0x120007aa       0x2c C:/Users/wattenberg/mtw_3.4/12kW_Secondary/build/Custom/bsps/12kW_Secondary/config/GeneratedSource/cycfg_system.o
 .text.init_cycfg_system
                0x120007d6       0x72 C:/Users/wattenberg/mtw_3.4/12kW_Secondary/build/Custom/bsps/12kW_Secondary/config/GeneratedSource/cycfg_system.o
                0x120007d6                init_cycfg_system
 .text.cybsp_init
                0x12000848       0x30 C:/Users/wattenberg/mtw_3.4/12kW_Secondary/build/Custom/bsps/12kW_Secondary/cybsp.o
                0x12000848                cybsp_init
 .text.cybsp_syspm_do_warmboot
                0x12000878        0xc C:/Users/wattenberg/mtw_3.4/12kW_Secondary/build/Custom/bsps/12kW_Secondary/cybsp_dsram.o
                0x12000878                cybsp_syspm_do_warmboot
 .text.cybsp_syspm_dsram_init
                0x12000884       0x18 C:/Users/wattenberg/mtw_3.4/12kW_Secondary/build/Custom/bsps/12kW_Secondary/cybsp_dsram.o
                0x12000884                cybsp_syspm_dsram_init
 .text.cybsp_pm_callbacks_register
                0x1200089c       0x6c C:/Users/wattenberg/mtw_3.4/12kW_Secondary/build/Custom/bsps/12kW_Secondary/cybsp_pm.o
                0x1200089c                cybsp_pm_callbacks_register
 .text.cybsp_deepsleep_ram_callback
                0x12000908       0x50 C:/Users/wattenberg/mtw_3.4/12kW_Secondary/build/Custom/bsps/12kW_Secondary/cybsp_pm_callbacks.o
                0x12000908                cybsp_deepsleep_ram_callback
 .text._cybsp_pm_callbacks_get_ptr_and_number
                0x12000958       0x2c C:/Users/wattenberg/mtw_3.4/12kW_Secondary/build/Custom/bsps/12kW_Secondary/cybsp_pm_callbacks.o
                0x12000958                _cybsp_pm_callbacks_get_ptr_and_number
 .text.SysLib_FaultHandler
                0x12000984       0x16 C:/Users/wattenberg/mtw_3.4/12kW_Secondary/build/Custom/bsps/12kW_Secondary/startup_cat1b_cm33.o
                0x12000984                SysLib_FaultHandler
 .text.Default_Handler
                0x1200099a        0x6 C:/Users/wattenberg/mtw_3.4/12kW_Secondary/build/Custom/bsps/12kW_Secondary/startup_cat1b_cm33.o
                0x1200099a                SysTick_Handler
                0x1200099a                PendSV_Handler
                0x1200099a                Default_Handler
                0x1200099a                MemManage_Handler
                0x1200099a                DebugMon_Handler
 .text.FpuEnable_S
                0x120009a0        0xc C:/Users/wattenberg/mtw_3.4/12kW_Secondary/build/Custom/bsps/12kW_Secondary/startup_cat1b_cm33.o
                0x120009a0                FpuEnable_S
 .text.FpuEnable_NS
                0x120009ac        0xc C:/Users/wattenberg/mtw_3.4/12kW_Secondary/build/Custom/bsps/12kW_Secondary/startup_cat1b_cm33.o
                0x120009ac                FpuEnable_NS
 .text.NMIException_Handler
                0x120009b8       0x10 C:/Users/wattenberg/mtw_3.4/12kW_Secondary/build/Custom/bsps/12kW_Secondary/startup_cat1b_cm33.o
                0x120009b8                NMIException_Handler
 .text.HardFault_Handler
                0x120009c8       0x22 C:/Users/wattenberg/mtw_3.4/12kW_Secondary/build/Custom/bsps/12kW_Secondary/startup_cat1b_cm33.o
                0x120009c8                UsageFault_Handler
                0x120009c8                SVC_Handler
                0x120009c8                BusFault_Handler
                0x120009c8                HardFault_Handler
 .text.InterruptHandler
                0x120009ea       0x10 C:/Users/wattenberg/mtw_3.4/12kW_Secondary/build/Custom/bsps/12kW_Secondary/startup_cat1b_cm33.o
                0x120009ea                Interrupt3_Handler
                0x120009ea                Interrupt8_Handler
                0x120009ea                Interrupt5_Handler
                0x120009ea                Interrupt7_Handler
                0x120009ea                Interrupt2_Handler
                0x120009ea                Interrupt0_Handler
                0x120009ea                Interrupt4_Handler
                0x120009ea                Interrupt9_Handler
                0x120009ea                Interrupt6_Handler
                0x120009ea                InterruptHandler
                0x120009ea                Interrupt1_Handler
 .text.cy_toolchain_init
                0x120009fa        0xc C:/Users/wattenberg/mtw_3.4/12kW_Secondary/build/Custom/bsps/12kW_Secondary/startup_cat1b_cm33.o
                0x120009fa                cy_toolchain_init
 .text.software_init_hook
                0x12000a06        0xc C:/Users/wattenberg/mtw_3.4/12kW_Secondary/build/Custom/bsps/12kW_Secondary/startup_cat1b_cm33.o
                0x12000a06                software_init_hook
 *fill*         0x12000a12        0x2 
 .text.Reset_Handler
                0x12000a14      0x108 C:/Users/wattenberg/mtw_3.4/12kW_Secondary/build/Custom/bsps/12kW_Secondary/startup_cat1b_cm33.o
                0x12000a14                Reset_Handler
 .text.SystemInit_Enable_Clocks
                0x12000b1c       0x4a C:/Users/wattenberg/mtw_3.4/12kW_Secondary/build/Custom/bsps/12kW_Secondary/system_psc3.o
                0x12000b1c                SystemInit_Enable_Clocks
 .text.SystemInit_Enable_Peri
                0x12000b66       0xbc C:/Users/wattenberg/mtw_3.4/12kW_Secondary/build/Custom/bsps/12kW_Secondary/system_psc3.o
                0x12000b66                SystemInit_Enable_Peri
 .text.SystemInit
                0x12000c22       0x18 C:/Users/wattenberg/mtw_3.4/12kW_Secondary/build/Custom/bsps/12kW_Secondary/system_psc3.o
                0x12000c22                SystemInit
 .text.Cy_SystemInit
                0x12000c3a        0xe C:/Users/wattenberg/mtw_3.4/12kW_Secondary/build/Custom/bsps/12kW_Secondary/system_psc3.o
                0x12000c3a                Cy_SystemInit
 .text.SystemCoreClockUpdate
                0x12000c48       0xa0 C:/Users/wattenberg/mtw_3.4/12kW_Secondary/build/Custom/bsps/12kW_Secondary/system_psc3.o
                0x12000c48                SystemCoreClockUpdate
 .text.Cy_GPIO_Set
                0x12000ce8       0x26 C:/Users/wattenberg/mtw_3.4/12kW_Secondary/build/Custom/local/main.o
 .text.Cy_GPIO_Clr
                0x12000d0e       0x26 C:/Users/wattenberg/mtw_3.4/12kW_Secondary/build/Custom/local/main.o
 .text.pulsate_led
                0x12000d34       0xb0 C:/Users/wattenberg/mtw_3.4/12kW_Secondary/build/Custom/local/main.o
                0x12000d34                pulsate_led
 .text.init     0x12000de4       0x34 C:/Users/wattenberg/mtw_3.4/12kW_Secondary/build/Custom/local/main.o
                0x12000de4                init
 .text.main     0x12000e18       0x22 C:/Users/wattenberg/mtw_3.4/12kW_Secondary/build/Custom/local/main.o
                0x12000e18                main
 *fill*         0x12000e3a        0x6 
 .text          0x12000e40       0x20 C:/Users/wattenberg/mtw_3.4/12kW_Secondary/build/Custom/libraries_shared/mtb-pdl-cat1/drivers/source/TOOLCHAIN_GCC_ARM/cy_syslib_ext.o
                0x12000e40                Cy_SysLib_DelayCycles
                0x12000e52                Cy_SysLib_EnterCriticalSection
                0x12000e5a                Cy_SysLib_ExitCriticalSection
 .text.Cy_GPIO_SetHSIOM_SecPin
                0x12000e60       0x6c C:/Users/wattenberg/mtw_3.4/12kW_Secondary/build/Custom/libraries_shared/mtb-pdl-cat1/drivers/source/cy_gpio.o
 .text.Cy_GPIO_SetHSIOM
                0x12000ecc       0xa6 C:/Users/wattenberg/mtw_3.4/12kW_Secondary/build/Custom/libraries_shared/mtb-pdl-cat1/drivers/source/cy_gpio.o
 .text.Cy_GPIO_Write
                0x12000f72       0x42 C:/Users/wattenberg/mtw_3.4/12kW_Secondary/build/Custom/libraries_shared/mtb-pdl-cat1/drivers/source/cy_gpio.o
 .text.Cy_GPIO_SetDrivemode
                0x12000fb4       0x66 C:/Users/wattenberg/mtw_3.4/12kW_Secondary/build/Custom/libraries_shared/mtb-pdl-cat1/drivers/source/cy_gpio.o
 .text.Cy_GPIO_SetVtrip
                0x1200101a       0x4a C:/Users/wattenberg/mtw_3.4/12kW_Secondary/build/Custom/libraries_shared/mtb-pdl-cat1/drivers/source/cy_gpio.o
 .text.Cy_GPIO_SetSlewRate
                0x12001064       0x50 C:/Users/wattenberg/mtw_3.4/12kW_Secondary/build/Custom/libraries_shared/mtb-pdl-cat1/drivers/source/cy_gpio.o
 .text.Cy_GPIO_SetDriveSel
                0x120010b4       0x88 C:/Users/wattenberg/mtw_3.4/12kW_Secondary/build/Custom/libraries_shared/mtb-pdl-cat1/drivers/source/cy_gpio.o
 .text.Cy_GPIO_SetInterruptMask
                0x1200113c       0x4a C:/Users/wattenberg/mtw_3.4/12kW_Secondary/build/Custom/libraries_shared/mtb-pdl-cat1/drivers/source/cy_gpio.o
 .text.Cy_GPIO_SetInterruptEdge
                0x12001186       0x62 C:/Users/wattenberg/mtw_3.4/12kW_Secondary/build/Custom/libraries_shared/mtb-pdl-cat1/drivers/source/cy_gpio.o
 .text.Cy_GPIO_Pin_Init
                0x120011e8      0x234 C:/Users/wattenberg/mtw_3.4/12kW_Secondary/build/Custom/libraries_shared/mtb-pdl-cat1/drivers/source/cy_gpio.o
                0x120011e8                Cy_GPIO_Pin_Init
 .text.Cy_HPPASS_AC_LoadStateTransitionTable
                0x1200141c       0x22 C:/Users/wattenberg/mtw_3.4/12kW_Secondary/build/Custom/libraries_shared/mtb-pdl-cat1/drivers/source/cy_hppass.o
 *fill*         0x1200143e        0x2 
 .text.Cy_HPPASS_AC_IsRunning
                0x12001440       0x28 C:/Users/wattenberg/mtw_3.4/12kW_Secondary/build/Custom/libraries_shared/mtb-pdl-cat1/drivers/source/cy_hppass.o
 .text.Cy_HPPASS_AC_IsBlockReady
                0x12001468       0x28 C:/Users/wattenberg/mtw_3.4/12kW_Secondary/build/Custom/libraries_shared/mtb-pdl-cat1/drivers/source/cy_hppass.o
 .text.Cy_HPPASS_AC_CondRunCheck
                0x12001490       0x28 C:/Users/wattenberg/mtw_3.4/12kW_Secondary/build/Custom/libraries_shared/mtb-pdl-cat1/drivers/source/cy_hppass.o
 .text.Cy_HPPASS_TriggerInConfig
                0x120014b8      0x110 C:/Users/wattenberg/mtw_3.4/12kW_Secondary/build/Custom/libraries_shared/mtb-pdl-cat1/drivers/source/cy_hppass.o
 .text.Cy_HPPASS_TriggerOutLevelConfig
                0x120015c8       0x94 C:/Users/wattenberg/mtw_3.4/12kW_Secondary/build/Custom/libraries_shared/mtb-pdl-cat1/drivers/source/cy_hppass.o
 .text.Cy_HPPASS_TriggerOutPulseConfig
                0x1200165c       0x90 C:/Users/wattenberg/mtw_3.4/12kW_Secondary/build/Custom/libraries_shared/mtb-pdl-cat1/drivers/source/cy_hppass.o
 .text.Cy_HPPASS_ApplyTrims
                0x120016ec       0x90 C:/Users/wattenberg/mtw_3.4/12kW_Secondary/build/Custom/libraries_shared/mtb-pdl-cat1/drivers/source/cy_hppass.o
 .text.Cy_HPPASS_Init
                0x1200177c      0x1fc C:/Users/wattenberg/mtw_3.4/12kW_Secondary/build/Custom/libraries_shared/mtb-pdl-cat1/drivers/source/cy_hppass.o
                0x1200177c                Cy_HPPASS_Init
 .text.Cy_HPPASS_AC_IsRunning
                0x12001978       0x28 C:/Users/wattenberg/mtw_3.4/12kW_Secondary/build/Custom/libraries_shared/mtb-pdl-cat1/drivers/source/cy_hppass_ac.o
 .text.Cy_HPPASS_AC_UpdateStateTransitionTable
                0x120019a0      0x950 C:/Users/wattenberg/mtw_3.4/12kW_Secondary/build/Custom/libraries_shared/mtb-pdl-cat1/drivers/source/cy_hppass_ac.o
                0x120019a0                Cy_HPPASS_AC_UpdateStateTransitionTable
 .text.Cy_HPPASS_AC_IsRunning
                0x120022f0       0x28 C:/Users/wattenberg/mtw_3.4/12kW_Secondary/build/Custom/libraries_shared/mtb-pdl-cat1/drivers/source/cy_hppass_csg.o
 .text.Cy_HPPASS_DAC_SetPeriod
                0x12002318       0x60 C:/Users/wattenberg/mtw_3.4/12kW_Secondary/build/Custom/libraries_shared/mtb-pdl-cat1/drivers/source/cy_hppass_csg.o
 .text.Cy_HPPASS_DAC_IsBusy
                0x12002378       0x40 C:/Users/wattenberg/mtw_3.4/12kW_Secondary/build/Custom/libraries_shared/mtb-pdl-cat1/drivers/source/cy_hppass_csg.o
 .text.Cy_HPPASS_DAC_SetValue
                0x120023b8       0x48 C:/Users/wattenberg/mtw_3.4/12kW_Secondary/build/Custom/libraries_shared/mtb-pdl-cat1/drivers/source/cy_hppass_csg.o
 .text.Cy_HPPASS_DAC_SetHystereticValues
                0x12002400       0x68 C:/Users/wattenberg/mtw_3.4/12kW_Secondary/build/Custom/libraries_shared/mtb-pdl-cat1/drivers/source/cy_hppass_csg.o
 .text.Cy_HPPASS_DAC_SetSlopeValues
                0x12002468       0xb4 C:/Users/wattenberg/mtw_3.4/12kW_Secondary/build/Custom/libraries_shared/mtb-pdl-cat1/drivers/source/cy_hppass_csg.o
 .text.Cy_HPPASS_DAC_SetLutAddress
                0x1200251c       0xb8 C:/Users/wattenberg/mtw_3.4/12kW_Secondary/build/Custom/libraries_shared/mtb-pdl-cat1/drivers/source/cy_hppass_csg.o
 .text.Cy_HPPASS_CSG_Init
                0x120025d4      0x11c C:/Users/wattenberg/mtw_3.4/12kW_Secondary/build/Custom/libraries_shared/mtb-pdl-cat1/drivers/source/cy_hppass_csg.o
                0x120025d4                Cy_HPPASS_CSG_Init
 .text.Cy_HPPASS_CSG_SliceConfig
                0x120026f0      0x36c C:/Users/wattenberg/mtw_3.4/12kW_Secondary/build/Custom/libraries_shared/mtb-pdl-cat1/drivers/source/cy_hppass_csg.o
                0x120026f0                Cy_HPPASS_CSG_SliceConfig
 .text.Cy_HPPASS_CSG_LoadWaveform
                0x12002a5c       0x88 C:/Users/wattenberg/mtw_3.4/12kW_Secondary/build/Custom/libraries_shared/mtb-pdl-cat1/drivers/source/cy_hppass_csg.o
                0x12002a5c                Cy_HPPASS_CSG_LoadWaveform
 .text.Cy_HPPASS_AC_IsRunning
                0x12002ae4       0x28 C:/Users/wattenberg/mtw_3.4/12kW_Secondary/build/Custom/libraries_shared/mtb-pdl-cat1/drivers/source/cy_hppass_sar.o
 .text.Cy_HPPASS_AC_CondRunCheck
                0x12002b0c       0x28 C:/Users/wattenberg/mtw_3.4/12kW_Secondary/build/Custom/libraries_shared/mtb-pdl-cat1/drivers/source/cy_hppass_sar.o
 .text.Cy_HPPASS_SAR_IsBusy
                0x12002b34       0x20 C:/Users/wattenberg/mtw_3.4/12kW_Secondary/build/Custom/libraries_shared/mtb-pdl-cat1/drivers/source/cy_hppass_sar.o
 .text.Cy_HPPASS_SAR_CondBusyCheck
                0x12002b54       0x30 C:/Users/wattenberg/mtw_3.4/12kW_Secondary/build/Custom/libraries_shared/mtb-pdl-cat1/drivers/source/cy_hppass_sar.o
 .text.Cy_HPPASS_SAR_Limit_Config
                0x12002b84       0xc8 C:/Users/wattenberg/mtw_3.4/12kW_Secondary/build/Custom/libraries_shared/mtb-pdl-cat1/drivers/source/cy_hppass_sar.o
 .text.Cy_HPPASS_SAR_GroupConfig
                0x12002c4c       0xbc C:/Users/wattenberg/mtw_3.4/12kW_Secondary/build/Custom/libraries_shared/mtb-pdl-cat1/drivers/source/cy_hppass_sar.o
 .text.Cy_HPPASS_SAR_SetHoldViolationCnt
                0x12002d08       0x38 C:/Users/wattenberg/mtw_3.4/12kW_Secondary/build/Custom/libraries_shared/mtb-pdl-cat1/drivers/source/cy_hppass_sar.o
 .text.Cy_HPPASS_SAR_FirConfig
                0x12002d40      0x278 C:/Users/wattenberg/mtw_3.4/12kW_Secondary/build/Custom/libraries_shared/mtb-pdl-cat1/drivers/source/cy_hppass_sar.o
 .text.Cy_HPPASS_SAR_ChannelConfig
                0x12002fb8      0x10c C:/Users/wattenberg/mtw_3.4/12kW_Secondary/build/Custom/libraries_shared/mtb-pdl-cat1/drivers/source/cy_hppass_sar.o
 .text.Cy_HPPASS_FIFO_Config
                0x120030c4       0xd8 C:/Users/wattenberg/mtw_3.4/12kW_Secondary/build/Custom/libraries_shared/mtb-pdl-cat1/drivers/source/cy_hppass_sar.o
 .text.Cy_HPPASS_SAR_Init
                0x1200319c      0x4c8 C:/Users/wattenberg/mtw_3.4/12kW_Secondary/build/Custom/libraries_shared/mtb-pdl-cat1/drivers/source/cy_hppass_sar.o
                0x1200319c                Cy_HPPASS_SAR_Init
 .text.Cy_SysClk_PeriPclkSetDivider
                0x12003664      0x188 C:/Users/wattenberg/mtw_3.4/12kW_Secondary/build/Custom/libraries_shared/mtb-pdl-cat1/drivers/source/cy_sysclk_v2.o
                0x12003664                Cy_SysClk_PeriPclkSetDivider
 .text.Cy_SysClk_PeriPclkAssignDivider
                0x120037ec      0x174 C:/Users/wattenberg/mtw_3.4/12kW_Secondary/build/Custom/libraries_shared/mtb-pdl-cat1/drivers/source/cy_sysclk_v2.o
                0x120037ec                Cy_SysClk_PeriPclkAssignDivider
 .text.Cy_SysClk_PeriPclkEnableDivider
                0x12003960      0x188 C:/Users/wattenberg/mtw_3.4/12kW_Secondary/build/Custom/libraries_shared/mtb-pdl-cat1/drivers/source/cy_sysclk_v2.o
                0x12003960                Cy_SysClk_PeriPclkEnableDivider
 .text.Cy_SysClk_PeriPclkDisableDivider
                0x12003ae8      0x168 C:/Users/wattenberg/mtw_3.4/12kW_Secondary/build/Custom/libraries_shared/mtb-pdl-cat1/drivers/source/cy_sysclk_v2.o
                0x12003ae8                Cy_SysClk_PeriPclkDisableDivider
 .text.Cy_SysClk_PeriphAssignDivider
                0x12003c50       0x26 C:/Users/wattenberg/mtw_3.4/12kW_Secondary/build/Custom/libraries_shared/mtb-pdl-cat1/drivers/source/cy_sysclk_v2.o
                0x12003c50                Cy_SysClk_PeriphAssignDivider
 *fill*         0x12003c76        0x2 
 .text.Cy_SysClk_ClkBakSetSource
                0x12003c78       0x38 C:/Users/wattenberg/mtw_3.4/12kW_Secondary/build/Custom/libraries_shared/mtb-pdl-cat1/drivers/source/cy_sysclk_v2.o
                0x12003c78                Cy_SysClk_ClkBakSetSource
 .text.Cy_SysClk_ClkLfSetSource
                0x12003cb0       0x40 C:/Users/wattenberg/mtw_3.4/12kW_Secondary/build/Custom/libraries_shared/mtb-pdl-cat1/drivers/source/cy_sysclk_v2.o
                0x12003cb0                Cy_SysClk_ClkLfSetSource
 .text.Cy_SysClk_PeriGroupSetSlaveCtl
                0x12003cf0       0xc0 C:/Users/wattenberg/mtw_3.4/12kW_Secondary/build/Custom/libraries_shared/mtb-pdl-cat1/drivers/source/cy_sysclk_v2.o
                0x12003cf0                Cy_SysClk_PeriGroupSetSlaveCtl
 .text.Cy_SysClk_PeriGroupGetSlaveCtl
                0x12003db0       0xd0 C:/Users/wattenberg/mtw_3.4/12kW_Secondary/build/Custom/libraries_shared/mtb-pdl-cat1/drivers/source/cy_sysclk_v2.o
                0x12003db0                Cy_SysClk_PeriGroupGetSlaveCtl
 .text.Cy_SysClk_ClkHfEnable
                0x12003e80       0x64 C:/Users/wattenberg/mtw_3.4/12kW_Secondary/build/Custom/libraries_shared/mtb-pdl-cat1/drivers/source/cy_sysclk_v2.o
                0x12003e80                Cy_SysClk_ClkHfEnable
 .text.Cy_SysClk_ClkHfSetSource
                0x12003ee4       0x58 C:/Users/wattenberg/mtw_3.4/12kW_Secondary/build/Custom/libraries_shared/mtb-pdl-cat1/drivers/source/cy_sysclk_v2.o
                0x12003ee4                Cy_SysClk_ClkHfSetSource
 .text.Cy_SysClk_ClkHfGetSource
                0x12003f3c       0x34 C:/Users/wattenberg/mtw_3.4/12kW_Secondary/build/Custom/libraries_shared/mtb-pdl-cat1/drivers/source/cy_sysclk_v2.o
                0x12003f3c                Cy_SysClk_ClkHfGetSource
 .text.Cy_SysClk_ClkHfSetDivider
                0x12003f70       0x5c C:/Users/wattenberg/mtw_3.4/12kW_Secondary/build/Custom/libraries_shared/mtb-pdl-cat1/drivers/source/cy_sysclk_v2.o
                0x12003f70                Cy_SysClk_ClkHfSetDivider
 .text.Cy_SysClk_ClkHfGetDivider
                0x12003fcc       0x34 C:/Users/wattenberg/mtw_3.4/12kW_Secondary/build/Custom/libraries_shared/mtb-pdl-cat1/drivers/source/cy_sysclk_v2.o
                0x12003fcc                Cy_SysClk_ClkHfGetDivider
 .text.Cy_SysClk_ClkHfGetFrequency
                0x12004000       0x50 C:/Users/wattenberg/mtw_3.4/12kW_Secondary/build/Custom/libraries_shared/mtb-pdl-cat1/drivers/source/cy_sysclk_v2.o
                0x12004000                Cy_SysClk_ClkHfGetFrequency
 .text.Cy_SysClk_IsClkHfDirectSelEnabled
                0x12004050       0x40 C:/Users/wattenberg/mtw_3.4/12kW_Secondary/build/Custom/libraries_shared/mtb-pdl-cat1/drivers/source/cy_sysclk_v2.o
                0x12004050                Cy_SysClk_IsClkHfDirectSelEnabled
 .text.Cy_SysClk_WcoOkay
                0x12004090       0x24 C:/Users/wattenberg/mtw_3.4/12kW_Secondary/build/Custom/libraries_shared/mtb-pdl-cat1/drivers/source/cy_sysclk_v2.o
                0x12004090                Cy_SysClk_WcoOkay
 .text.Cy_SysClk_AltHfGetFrequency
                0x120040b4        0xe C:/Users/wattenberg/mtw_3.4/12kW_Secondary/build/Custom/libraries_shared/mtb-pdl-cat1/drivers/source/cy_sysclk_v2.o
                0x120040b4                Cy_SysClk_AltHfGetFrequency
 .text.Cy_SysClk_AltLfGetFrequency
                0x120040c2        0xe C:/Users/wattenberg/mtw_3.4/12kW_Secondary/build/Custom/libraries_shared/mtb-pdl-cat1/drivers/source/cy_sysclk_v2.o
                0x120040c2                Cy_SysClk_AltLfGetFrequency
 .text.Cy_SysClk_IloEnable
                0x120040d0       0x28 C:/Users/wattenberg/mtw_3.4/12kW_Secondary/build/Custom/libraries_shared/mtb-pdl-cat1/drivers/source/cy_sysclk_v2.o
                0x120040d0                Cy_SysClk_IloEnable
 .text.Cy_SysClk_IloDisable
                0x120040f8       0x4c C:/Users/wattenberg/mtw_3.4/12kW_Secondary/build/Custom/libraries_shared/mtb-pdl-cat1/drivers/source/cy_sysclk_v2.o
                0x120040f8                Cy_SysClk_IloDisable
 .text.Cy_SysClk_IloHibernateOn
                0x12004144       0x40 C:/Users/wattenberg/mtw_3.4/12kW_Secondary/build/Custom/libraries_shared/mtb-pdl-cat1/drivers/source/cy_sysclk_v2.o
                0x12004144                Cy_SysClk_IloHibernateOn
 .text.Cy_SysClk_ExtClkGetFrequency
                0x12004184       0x14 C:/Users/wattenberg/mtw_3.4/12kW_Secondary/build/Custom/libraries_shared/mtb-pdl-cat1/drivers/source/cy_sysclk_v2.o
                0x12004184                Cy_SysClk_ExtClkGetFrequency
 .text.Cy_SysClk_EcoGetStatus
                0x12004198       0x3c C:/Users/wattenberg/mtw_3.4/12kW_Secondary/build/Custom/libraries_shared/mtb-pdl-cat1/drivers/source/cy_sysclk_v2.o
                0x12004198                Cy_SysClk_EcoGetStatus
 .text.Cy_SysClk_EcoGetFrequency
                0x120041d4       0x20 C:/Users/wattenberg/mtw_3.4/12kW_Secondary/build/Custom/libraries_shared/mtb-pdl-cat1/drivers/source/cy_sysclk_v2.o
                0x120041d4                Cy_SysClk_EcoGetFrequency
 .text.Cy_SysClk_IhoIsEnabled
                0x120041f4       0x20 C:/Users/wattenberg/mtw_3.4/12kW_Secondary/build/Custom/libraries_shared/mtb-pdl-cat1/drivers/source/cy_sysclk_v2.o
                0x120041f4                Cy_SysClk_IhoIsEnabled
 .text.Cy_SysClk_IhoEnable
                0x12004214       0x28 C:/Users/wattenberg/mtw_3.4/12kW_Secondary/build/Custom/libraries_shared/mtb-pdl-cat1/drivers/source/cy_sysclk_v2.o
                0x12004214                Cy_SysClk_IhoEnable
 .text.Cy_SysClk_ClkPathSetSource
                0x1200423c       0xa4 C:/Users/wattenberg/mtw_3.4/12kW_Secondary/build/Custom/libraries_shared/mtb-pdl-cat1/drivers/source/cy_sysclk_v2.o
                0x1200423c                Cy_SysClk_ClkPathSetSource
 .text.Cy_SysClk_ClkPathGetSource
                0x120042e0       0x54 C:/Users/wattenberg/mtw_3.4/12kW_Secondary/build/Custom/libraries_shared/mtb-pdl-cat1/drivers/source/cy_sysclk_v2.o
                0x120042e0                Cy_SysClk_ClkPathGetSource
 .text.Cy_SysClk_ClkPathMuxGetFrequency
                0x12004334      0x118 C:/Users/wattenberg/mtw_3.4/12kW_Secondary/build/Custom/libraries_shared/mtb-pdl-cat1/drivers/source/cy_sysclk_v2.o
                0x12004334                Cy_SysClk_ClkPathMuxGetFrequency
 .text.Cy_SysClk_ClkPathGetFrequency
                0x1200444c       0x5a C:/Users/wattenberg/mtw_3.4/12kW_Secondary/build/Custom/libraries_shared/mtb-pdl-cat1/drivers/source/cy_sysclk_v2.o
                0x1200444c                Cy_SysClk_ClkPathGetFrequency
 *fill*         0x120044a6        0x2 
 .text.Cy_SysClk_FllIsEnabled
                0x120044a8       0x20 C:/Users/wattenberg/mtw_3.4/12kW_Secondary/build/Custom/libraries_shared/mtb-pdl-cat1/drivers/source/cy_sysclk_v2.o
                0x120044a8                Cy_SysClk_FllIsEnabled
 .text.Cy_SysClk_FllGetConfiguration
                0x120044c8       0xe4 C:/Users/wattenberg/mtw_3.4/12kW_Secondary/build/Custom/libraries_shared/mtb-pdl-cat1/drivers/source/cy_sysclk_v2.o
                0x120044c8                Cy_SysClk_FllGetConfiguration
 .text.Cy_SysClk_FllGetFrequency
                0x120045ac      0x156 C:/Users/wattenberg/mtw_3.4/12kW_Secondary/build/Custom/libraries_shared/mtb-pdl-cat1/drivers/source/cy_sysclk_v2.o
                0x120045ac                Cy_SysClk_FllGetFrequency
 *fill*         0x12004702        0x2 
 .text.Cy_SysClk_DpllLpIsEnabled
                0x12004704       0x30 C:/Users/wattenberg/mtw_3.4/12kW_Secondary/build/Custom/libraries_shared/mtb-pdl-cat1/drivers/source/cy_sysclk_v2.o
                0x12004704                Cy_SysClk_DpllLpIsEnabled
 .text.Cy_SysClk_DpllLpDisable
                0x12004734       0x6c C:/Users/wattenberg/mtw_3.4/12kW_Secondary/build/Custom/libraries_shared/mtb-pdl-cat1/drivers/source/cy_sysclk_v2.o
                0x12004734                Cy_SysClk_DpllLpDisable
 .text.Cy_SysClk_DpllLpManualConfigure
                0x120047a0      0x294 C:/Users/wattenberg/mtw_3.4/12kW_Secondary/build/Custom/libraries_shared/mtb-pdl-cat1/drivers/source/cy_sysclk_v2.o
                0x120047a0                Cy_SysClk_DpllLpManualConfigure
 .text.Cy_SysClk_DpllLpGetConfiguration
                0x12004a34      0x2b8 C:/Users/wattenberg/mtw_3.4/12kW_Secondary/build/Custom/libraries_shared/mtb-pdl-cat1/drivers/source/cy_sysclk_v2.o
                0x12004a34                Cy_SysClk_DpllLpGetConfiguration
 .text.Cy_SysClk_DpllLpEnable
                0x12004cec      0x10c C:/Users/wattenberg/mtw_3.4/12kW_Secondary/build/Custom/libraries_shared/mtb-pdl-cat1/drivers/source/cy_sysclk_v2.o
                0x12004cec                Cy_SysClk_DpllLpEnable
 .text.Cy_SysClk_DpllLpGetFrequency
                0x12004df8      0x180 C:/Users/wattenberg/mtw_3.4/12kW_Secondary/build/Custom/libraries_shared/mtb-pdl-cat1/drivers/source/cy_sysclk_v2.o
                0x12004df8                Cy_SysClk_DpllLpGetFrequency
 .text.Cy_SysClk_PllIsEnabled
                0x12004f78       0x30 C:/Users/wattenberg/mtw_3.4/12kW_Secondary/build/Custom/libraries_shared/mtb-pdl-cat1/drivers/source/cy_sysclk_v2.o
                0x12004f78                Cy_SysClk_PllIsEnabled
 .text.Cy_SysClk_PllDisable
                0x12004fa8       0x34 C:/Users/wattenberg/mtw_3.4/12kW_Secondary/build/Custom/libraries_shared/mtb-pdl-cat1/drivers/source/cy_sysclk_v2.o
                0x12004fa8                Cy_SysClk_PllDisable
 .text.Cy_SysClk_PllManualConfigure
                0x12004fdc       0x38 C:/Users/wattenberg/mtw_3.4/12kW_Secondary/build/Custom/libraries_shared/mtb-pdl-cat1/drivers/source/cy_sysclk_v2.o
                0x12004fdc                Cy_SysClk_PllManualConfigure
 .text.Cy_SysClk_PllEnable
                0x12005014       0x38 C:/Users/wattenberg/mtw_3.4/12kW_Secondary/build/Custom/libraries_shared/mtb-pdl-cat1/drivers/source/cy_sysclk_v2.o
                0x12005014                Cy_SysClk_PllEnable
 .text.Cy_SysClk_PllGetFrequency
                0x1200504c       0x38 C:/Users/wattenberg/mtw_3.4/12kW_Secondary/build/Custom/libraries_shared/mtb-pdl-cat1/drivers/source/cy_sysclk_v2.o
                0x1200504c                Cy_SysClk_PllGetFrequency
 .text.Cy_SysClk_DeepSleepCallback
                0x12005084       0x94 C:/Users/wattenberg/mtw_3.4/12kW_Secondary/build/Custom/libraries_shared/mtb-pdl-cat1/drivers/source/cy_sysclk_v2.o
                0x12005084                Cy_SysClk_DeepSleepCallback
 .text.Cy_SysLib_GetResetStatus
                0x12005118       0x24 C:/Users/wattenberg/mtw_3.4/12kW_Secondary/build/Custom/libraries_shared/mtb-pdl-cat1/drivers/source/cy_syslib.o
 .text.Cy_SysLib_DelayUs
                0x1200513c       0x28 C:/Users/wattenberg/mtw_3.4/12kW_Secondary/build/Custom/libraries_shared/mtb-pdl-cat1/drivers/source/cy_syslib.o
                0x1200513c                Cy_SysLib_DelayUs
 .text.Cy_SysLib_ResetBackupDomain
                0x12005164       0x1c C:/Users/wattenberg/mtw_3.4/12kW_Secondary/build/Custom/libraries_shared/mtb-pdl-cat1/drivers/source/cy_syslib.o
                0x12005164                Cy_SysLib_ResetBackupDomain
 .text.Cy_SysLib_GetResetReason
                0x12005180       0x6c C:/Users/wattenberg/mtw_3.4/12kW_Secondary/build/Custom/libraries_shared/mtb-pdl-cat1/drivers/source/cy_syslib.o
                0x12005180                Cy_SysLib_GetResetReason
 .text.Cy_SysLib_FaultHandler
                0x120051ec       0x94 C:/Users/wattenberg/mtw_3.4/12kW_Secondary/build/Custom/libraries_shared/mtb-pdl-cat1/drivers/source/cy_syslib.o
                0x120051ec                Cy_SysLib_FaultHandler
 .text.Cy_SysLib_ProcessingFault
                0x12005280        0x6 C:/Users/wattenberg/mtw_3.4/12kW_Secondary/build/Custom/libraries_shared/mtb-pdl-cat1/drivers/source/cy_syslib.o
                0x12005280                Cy_SysLib_ProcessingFault
 *fill*         0x12005286        0x2 
 .text.Cy_SysLib_SetWaitStates
                0x12005288       0x6c C:/Users/wattenberg/mtw_3.4/12kW_Secondary/build/Custom/libraries_shared/mtb-pdl-cat1/drivers/source/cy_syslib.o
                0x12005288                Cy_SysLib_SetWaitStates
 .text.Cy_Syslib_SetWarmBootEntryPoint
                0x120052f4       0x30 C:/Users/wattenberg/mtw_3.4/12kW_Secondary/build/Custom/libraries_shared/mtb-pdl-cat1/drivers/source/cy_syslib.o
                0x120052f4                Cy_Syslib_SetWarmBootEntryPoint
 .text.cy_pd_ppu_init
                0x12005324       0x20 C:/Users/wattenberg/mtw_3.4/12kW_Secondary/build/Custom/libraries_shared/mtb-pdl-cat1/drivers/source/cy_syspm_ppu.o
                0x12005324                cy_pd_ppu_init
 .text.cy_pd_ppu_get_programmed_power_mode
                0x12005344       0x20 C:/Users/wattenberg/mtw_3.4/12kW_Secondary/build/Custom/libraries_shared/mtb-pdl-cat1/drivers/source/cy_syspm_ppu.o
                0x12005344                cy_pd_ppu_get_programmed_power_mode
 .text.cy_pd_ppu_set_power_mode
                0x12005364       0x3c C:/Users/wattenberg/mtw_3.4/12kW_Secondary/build/Custom/libraries_shared/mtb-pdl-cat1/drivers/source/cy_syspm_ppu.o
                0x12005364                cy_pd_ppu_set_power_mode
 .text.Cy_SysPm_Init
                0x120053a0       0x38 C:/Users/wattenberg/mtw_3.4/12kW_Secondary/build/Custom/libraries_shared/mtb-pdl-cat1/drivers/source/cy_syspm_v2.o
                0x120053a0                Cy_SysPm_Init
 .text.Cy_SysPm_SetDeepSleepMode
                0x120053d8       0xa0 C:/Users/wattenberg/mtw_3.4/12kW_Secondary/build/Custom/libraries_shared/mtb-pdl-cat1/drivers/source/cy_syspm_v2.o
                0x120053d8                Cy_SysPm_SetDeepSleepMode
 .text.Cy_SysPm_GetDeepSleepMode
                0x12005478       0x50 C:/Users/wattenberg/mtw_3.4/12kW_Secondary/build/Custom/libraries_shared/mtb-pdl-cat1/drivers/source/cy_syspm_v2.o
                0x12005478                Cy_SysPm_GetDeepSleepMode
 .text.Cy_SysPm_GetBootMode
                0x120054c8       0x60 C:/Users/wattenberg/mtw_3.4/12kW_Secondary/build/Custom/libraries_shared/mtb-pdl-cat1/drivers/source/cy_syspm_v2.o
                0x120054c8                Cy_SysPm_GetBootMode
 .text.Cy_SysPm_SystemIsMinRegulatorCurrentSet
                0x12005528       0x28 C:/Users/wattenberg/mtw_3.4/12kW_Secondary/build/Custom/libraries_shared/mtb-pdl-cat1/drivers/source/cy_syspm_v2.o
                0x12005528                Cy_SysPm_SystemIsMinRegulatorCurrentSet
 .text.Cy_SysPm_LdoIsEnabled
                0x12005550       0x28 C:/Users/wattenberg/mtw_3.4/12kW_Secondary/build/Custom/libraries_shared/mtb-pdl-cat1/drivers/source/cy_syspm_v2.o
                0x12005550                Cy_SysPm_LdoIsEnabled
 .text.Cy_SysPm_LdoSetVoltage
                0x12005578      0x1b8 C:/Users/wattenberg/mtw_3.4/12kW_Secondary/build/Custom/libraries_shared/mtb-pdl-cat1/drivers/source/cy_syspm_v2.o
                0x12005578                Cy_SysPm_LdoSetVoltage
 .text.Cy_SysPm_LdoGetVoltage
                0x12005730       0x58 C:/Users/wattenberg/mtw_3.4/12kW_Secondary/build/Custom/libraries_shared/mtb-pdl-cat1/drivers/source/cy_syspm_v2.o
                0x12005730                Cy_SysPm_LdoGetVoltage
 .text.Cy_SysPm_RegisterCallback
                0x12005788       0xfc C:/Users/wattenberg/mtw_3.4/12kW_Secondary/build/Custom/libraries_shared/mtb-pdl-cat1/drivers/source/cy_syspm_v2.o
                0x12005788                Cy_SysPm_RegisterCallback
 .text.Cy_SysPm_ExecuteCallback
                0x12005884      0x16c C:/Users/wattenberg/mtw_3.4/12kW_Secondary/build/Custom/libraries_shared/mtb-pdl-cat1/drivers/source/cy_syspm_v2.o
                0x12005884                Cy_SysPm_ExecuteCallback
 .text.Cy_SysPm_DeepSleepIoUnfreeze
                0x120059f0       0x34 C:/Users/wattenberg/mtw_3.4/12kW_Secondary/build/Custom/libraries_shared/mtb-pdl-cat1/drivers/source/cy_syspm_v2.o
                0x120059f0                Cy_SysPm_DeepSleepIoUnfreeze
 .text.Cy_SysPm_DeepSleepIoIsFrozen
                0x12005a24       0x28 C:/Users/wattenberg/mtw_3.4/12kW_Secondary/build/Custom/libraries_shared/mtb-pdl-cat1/drivers/source/cy_syspm_v2.o
                0x12005a24                Cy_SysPm_DeepSleepIoIsFrozen
 .text.SetReadMarginTrimUlp
                0x12005a4c       0x44 C:/Users/wattenberg/mtw_3.4/12kW_Secondary/build/Custom/libraries_shared/mtb-pdl-cat1/drivers/source/cy_syspm_v2.o
 .text.SetReadMarginTrimLp
                0x12005a90       0x44 C:/Users/wattenberg/mtw_3.4/12kW_Secondary/build/Custom/libraries_shared/mtb-pdl-cat1/drivers/source/cy_syspm_v2.o
 .text.SetReadMarginTrimMf
                0x12005ad4       0x44 C:/Users/wattenberg/mtw_3.4/12kW_Secondary/build/Custom/libraries_shared/mtb-pdl-cat1/drivers/source/cy_syspm_v2.o
 .text.SetReadMarginTrimOd
                0x12005b18       0x44 C:/Users/wattenberg/mtw_3.4/12kW_Secondary/build/Custom/libraries_shared/mtb-pdl-cat1/drivers/source/cy_syspm_v2.o
 .text.SetWriteAssistTrimUlp
                0x12005b5c       0x34 C:/Users/wattenberg/mtw_3.4/12kW_Secondary/build/Custom/libraries_shared/mtb-pdl-cat1/drivers/source/cy_syspm_v2.o
 .text.SetWriteAssistTrimLp
                0x12005b90       0x44 C:/Users/wattenberg/mtw_3.4/12kW_Secondary/build/Custom/libraries_shared/mtb-pdl-cat1/drivers/source/cy_syspm_v2.o
 .text.SetWriteAssistTrimMf
                0x12005bd4       0x44 C:/Users/wattenberg/mtw_3.4/12kW_Secondary/build/Custom/libraries_shared/mtb-pdl-cat1/drivers/source/cy_syspm_v2.o
 .text.SetWriteAssistTrimOd
                0x12005c18       0x44 C:/Users/wattenberg/mtw_3.4/12kW_Secondary/build/Custom/libraries_shared/mtb-pdl-cat1/drivers/source/cy_syspm_v2.o
 .text.IsVoltageChangePossible
                0x12005c5c       0x70 C:/Users/wattenberg/mtw_3.4/12kW_Secondary/build/Custom/libraries_shared/mtb-pdl-cat1/drivers/source/cy_syspm_v2.o
 .text.Cy_SysPm_SystemEnterOd
                0x12005ccc       0x9c C:/Users/wattenberg/mtw_3.4/12kW_Secondary/build/Custom/libraries_shared/mtb-pdl-cat1/drivers/source/cy_syspm_v2.o
                0x12005ccc                Cy_SysPm_SystemEnterOd
 .text.Cy_TrigMux_Connect
                0x12005d68       0xdc C:/Users/wattenberg/mtw_3.4/12kW_Secondary/build/Custom/libraries_shared/mtb-pdl-cat1/drivers/source/cy_trigmux.o
                0x12005d68                Cy_TrigMux_Connect
 .text.Cy_WDT_Unlock
                0x12005e44       0x3c C:/Users/wattenberg/mtw_3.4/12kW_Secondary/build/Custom/libraries_shared/mtb-pdl-cat1/drivers/source/cy_wdt.o
                0x12005e44                Cy_WDT_Unlock
 .text.ppu_v1_init
                0x12005e80       0x30 C:/Users/wattenberg/mtw_3.4/12kW_Secondary/build/Custom/libraries_shared/mtb-pdl-cat1/drivers/source/ppu_v1.o
                0x12005e80                ppu_v1_init
 .text.ppu_v1_dynamic_enable
                0x12005eb0       0x50 C:/Users/wattenberg/mtw_3.4/12kW_Secondary/build/Custom/libraries_shared/mtb-pdl-cat1/drivers/source/ppu_v1.o
                0x12005eb0                ppu_v1_dynamic_enable
 .text.ppu_v1_get_programmed_power_mode
                0x12005f00       0x26 C:/Users/wattenberg/mtw_3.4/12kW_Secondary/build/Custom/libraries_shared/mtb-pdl-cat1/drivers/source/ppu_v1.o
                0x12005f00                ppu_v1_get_programmed_power_mode
 *fill*         0x12005f26        0x2 
 .text          0x12005f28       0x30 c:/users/wattenberg/infineon/tools/mtb-gcc-arm-eabi/11.3.1/gcc/bin/../lib/gcc/arm-none-eabi/11.3.1/thumb/v8-m.main/nofp\libgcc.a(_aeabi_uldivmod.o)
                0x12005f28                __aeabi_uldivmod
 .text.__udivmoddi4
                0x12005f58      0x2e8 c:/users/wattenberg/infineon/tools/mtb-gcc-arm-eabi/11.3.1/gcc/bin/../lib/gcc/arm-none-eabi/11.3.1/thumb/v8-m.main/nofp\libgcc.a(_udivmoddi4.o)
                0x12005f58                __udivmoddi4
 .text          0x12006240        0x4 c:/users/wattenberg/infineon/tools/mtb-gcc-arm-eabi/11.3.1/gcc/bin/../lib/gcc/arm-none-eabi/11.3.1/thumb/v8-m.main/nofp\libgcc.a(_dvmd_tls.o)
                0x12006240                __aeabi_idiv0
                0x12006240                __aeabi_ldiv0
 .text.exit     0x12006244       0x24 c:/users/wattenberg/infineon/tools/mtb-gcc-arm-eabi/11.3.1/gcc/bin/../lib/gcc/arm-none-eabi/11.3.1/thumb/v8-m.main/nofp\libg_nano.a(libc_a-exit.o)
                0x12006244                exit
 .text.memset   0x12006268       0x10 c:/users/wattenberg/infineon/tools/mtb-gcc-arm-eabi/11.3.1/gcc/bin/../lib/gcc/arm-none-eabi/11.3.1/thumb/v8-m.main/nofp\libg_nano.a(libc_a-memset.o)
                0x12006268                memset
 .text.__libc_init_array
                0x12006278       0x48 c:/users/wattenberg/infineon/tools/mtb-gcc-arm-eabi/11.3.1/gcc/bin/../lib/gcc/arm-none-eabi/11.3.1/thumb/v8-m.main/nofp\libg_nano.a(libc_a-init.o)
                0x12006278                __libc_init_array
 .text._exit    0x120062c0        0x4 c:/users/wattenberg/infineon/tools/mtb-gcc-arm-eabi/11.3.1/gcc/bin/../lib/gcc/arm-none-eabi/11.3.1/thumb/v8-m.main/nofp\libnosys.a(_exit.o)
                0x120062c0                _exit
 *(.init)
 .init          0x120062c4        0x4 c:/users/wattenberg/infineon/tools/mtb-gcc-arm-eabi/11.3.1/gcc/bin/../lib/gcc/arm-none-eabi/11.3.1/thumb/v8-m.main/nofp/crti.o
                0x120062c4                _init
 .init          0x120062c8        0x8 c:/users/wattenberg/infineon/tools/mtb-gcc-arm-eabi/11.3.1/gcc/bin/../lib/gcc/arm-none-eabi/11.3.1/thumb/v8-m.main/nofp/crtn.o
 *(.fini)
 .fini          0x120062d0        0x4 c:/users/wattenberg/infineon/tools/mtb-gcc-arm-eabi/11.3.1/gcc/bin/../lib/gcc/arm-none-eabi/11.3.1/thumb/v8-m.main/nofp/crti.o
                0x120062d0                _fini
 .fini          0x120062d4        0x8 c:/users/wattenberg/infineon/tools/mtb-gcc-arm-eabi/11.3.1/gcc/bin/../lib/gcc/arm-none-eabi/11.3.1/thumb/v8-m.main/nofp/crtn.o
 *crtbegin.o(.ctors)
 *crtbegin?.o(.ctors)
 *(EXCLUDE_FILE(*crtend.o *crtend?.o) .ctors)
 *(SORT_BY_NAME(.ctors.*))
 *(.ctors)
 *crtbegin.o(.dtors)
 *crtbegin?.o(.dtors)
 *(EXCLUDE_FILE(*crtend.o *crtend?.o) .dtors)
 *(SORT_BY_NAME(.dtors.*))
 *(.dtors)
 *(.rodata .rodata.* .constdata .constdata.* .conststring .conststring.*)
 .rodata.pass_0_config
                0x120062dc       0x58 C:/Users/wattenberg/mtw_3.4/12kW_Secondary/build/Custom/bsps/12kW_Secondary/config/GeneratedSource/cycfg_peripherals.o
                0x120062dc                pass_0_config
 .rodata.pass_0_ac_0_stt_0_config
                0x12006334       0x22 C:/Users/wattenberg/mtw_3.4/12kW_Secondary/build/Custom/bsps/12kW_Secondary/config/GeneratedSource/cycfg_peripherals.o
                0x12006334                pass_0_ac_0_stt_0_config
 *fill*         0x12006356        0x2 
 .rodata.pass_0_sar_0_config
                0x12006358       0xe4 C:/Users/wattenberg/mtw_3.4/12kW_Secondary/build/Custom/bsps/12kW_Secondary/config/GeneratedSource/cycfg_peripherals.o
                0x12006358                pass_0_sar_0_config
 .rodata.I_OUT_SEC_P_config
                0x1200643c        0x6 C:/Users/wattenberg/mtw_3.4/12kW_Secondary/build/Custom/bsps/12kW_Secondary/config/GeneratedSource/cycfg_peripherals.o
                0x1200643c                I_OUT_SEC_P_config
 *fill*         0x12006442        0x2 
 .rodata.I_OUT_SEC_N_config
                0x12006444        0x6 C:/Users/wattenberg/mtw_3.4/12kW_Secondary/build/Custom/bsps/12kW_Secondary/config/GeneratedSource/cycfg_peripherals.o
                0x12006444                I_OUT_SEC_N_config
 *fill*         0x1200644a        0x2 
 .rodata.VOUT_SEC_P_config
                0x1200644c        0x6 C:/Users/wattenberg/mtw_3.4/12kW_Secondary/build/Custom/bsps/12kW_Secondary/config/GeneratedSource/cycfg_peripherals.o
                0x1200644c                VOUT_SEC_P_config
 *fill*         0x12006452        0x2 
 .rodata.VOUT_SEC_N_config
                0x12006454        0x6 C:/Users/wattenberg/mtw_3.4/12kW_Secondary/build/Custom/bsps/12kW_Secondary/config/GeneratedSource/cycfg_peripherals.o
                0x12006454                VOUT_SEC_N_config
 *fill*         0x1200645a        0x2 
 .rodata.TEMP1_config
                0x1200645c        0x6 C:/Users/wattenberg/mtw_3.4/12kW_Secondary/build/Custom/bsps/12kW_Secondary/config/GeneratedSource/cycfg_peripherals.o
                0x1200645c                TEMP1_config
 *fill*         0x12006462        0x2 
 .rodata.TEMP2_config
                0x12006464        0x6 C:/Users/wattenberg/mtw_3.4/12kW_Secondary/build/Custom/bsps/12kW_Secondary/config/GeneratedSource/cycfg_peripherals.o
                0x12006464                TEMP2_config
 *fill*         0x1200646a        0x2 
 .rodata.SWCLK_config
                0x1200646c       0x38 C:/Users/wattenberg/mtw_3.4/12kW_Secondary/build/Custom/bsps/12kW_Secondary/config/GeneratedSource/cycfg_pins.o
                0x1200646c                SWCLK_config
 .rodata.SWDIO_config
                0x120064a4       0x38 C:/Users/wattenberg/mtw_3.4/12kW_Secondary/build/Custom/bsps/12kW_Secondary/config/GeneratedSource/cycfg_pins.o
                0x120064a4                SWDIO_config
 .rodata.PIN_SPI_SS_config
                0x120064dc       0x38 C:/Users/wattenberg/mtw_3.4/12kW_Secondary/build/Custom/bsps/12kW_Secondary/config/GeneratedSource/cycfg_pins.o
                0x120064dc                PIN_SPI_SS_config
 .rodata.PIN_SPI_CLK_config
                0x12006514       0x38 C:/Users/wattenberg/mtw_3.4/12kW_Secondary/build/Custom/bsps/12kW_Secondary/config/GeneratedSource/cycfg_pins.o
                0x12006514                PIN_SPI_CLK_config
 .rodata.PIN_SPI_MOSI_config
                0x1200654c       0x38 C:/Users/wattenberg/mtw_3.4/12kW_Secondary/build/Custom/bsps/12kW_Secondary/config/GeneratedSource/cycfg_pins.o
                0x1200654c                PIN_SPI_MOSI_config
 .rodata.PIN_SPI_MISO_config
                0x12006584       0x38 C:/Users/wattenberg/mtw_3.4/12kW_Secondary/build/Custom/bsps/12kW_Secondary/config/GeneratedSource/cycfg_pins.o
                0x12006584                PIN_SPI_MISO_config
 .rodata.PIN_EN_OUTPUT_config
                0x120065bc       0x38 C:/Users/wattenberg/mtw_3.4/12kW_Secondary/build/Custom/bsps/12kW_Secondary/config/GeneratedSource/cycfg_pins.o
                0x120065bc                PIN_EN_OUTPUT_config
 .rodata.PIN_DIS_OUTPUT_config
                0x120065f4       0x38 C:/Users/wattenberg/mtw_3.4/12kW_Secondary/build/Custom/bsps/12kW_Secondary/config/GeneratedSource/cycfg_pins.o
                0x120065f4                PIN_DIS_OUTPUT_config
 .rodata.PIN_DAC_OC_THR_config
                0x1200662c       0x38 C:/Users/wattenberg/mtw_3.4/12kW_Secondary/build/Custom/bsps/12kW_Secondary/config/GeneratedSource/cycfg_pins.o
                0x1200662c                PIN_DAC_OC_THR_config
 .rodata.OCD_config
                0x12006664       0x38 C:/Users/wattenberg/mtw_3.4/12kW_Secondary/build/Custom/bsps/12kW_Secondary/config/GeneratedSource/cycfg_pins.o
                0x12006664                OCD_config
 .rodata.PIN_FLT_CS_config
                0x1200669c       0x38 C:/Users/wattenberg/mtw_3.4/12kW_Secondary/build/Custom/bsps/12kW_Secondary/config/GeneratedSource/cycfg_pins.o
                0x1200669c                PIN_FLT_CS_config
 .rodata.PIN_SCL_config
                0x120066d4       0x38 C:/Users/wattenberg/mtw_3.4/12kW_Secondary/build/Custom/bsps/12kW_Secondary/config/GeneratedSource/cycfg_pins.o
                0x120066d4                PIN_SCL_config
 .rodata.PIN_SDA_config
                0x1200670c       0x38 C:/Users/wattenberg/mtw_3.4/12kW_Secondary/build/Custom/bsps/12kW_Secondary/config/GeneratedSource/cycfg_pins.o
                0x1200670c                PIN_SDA_config
 .rodata.PIN_AC_LOSS_config
                0x12006744       0x38 C:/Users/wattenberg/mtw_3.4/12kW_Secondary/build/Custom/bsps/12kW_Secondary/config/GeneratedSource/cycfg_pins.o
                0x12006744                PIN_AC_LOSS_config
 .rodata.PIN_LED_FAULT_config
                0x1200677c       0x38 C:/Users/wattenberg/mtw_3.4/12kW_Secondary/build/Custom/bsps/12kW_Secondary/config/GeneratedSource/cycfg_pins.o
                0x1200677c                PIN_LED_FAULT_config
 .rodata.PIN_PWM_FAN_config
                0x120067b4       0x38 C:/Users/wattenberg/mtw_3.4/12kW_Secondary/build/Custom/bsps/12kW_Secondary/config/GeneratedSource/cycfg_pins.o
                0x120067b4                PIN_PWM_FAN_config
 .rodata.PIN_DISABLE_FAN_config
                0x120067ec       0x38 C:/Users/wattenberg/mtw_3.4/12kW_Secondary/build/Custom/bsps/12kW_Secondary/config/GeneratedSource/cycfg_pins.o
                0x120067ec                PIN_DISABLE_FAN_config
 .rodata.PIN_LED_RUN_config
                0x12006824       0x38 C:/Users/wattenberg/mtw_3.4/12kW_Secondary/build/Custom/bsps/12kW_Secondary/config/GeneratedSource/cycfg_pins.o
                0x12006824                PIN_LED_RUN_config
 *(.eh_frame*)
 .eh_frame      0x1200685c        0x0 c:/users/wattenberg/infineon/tools/mtb-gcc-arm-eabi/11.3.1/gcc/bin/../lib/gcc/arm-none-eabi/11.3.1/thumb/v8-m.main/nofp/crtbegin.o
 .eh_frame      0x1200685c        0x4 c:/users/wattenberg/infineon/tools/mtb-gcc-arm-eabi/11.3.1/gcc/bin/../lib/gcc/arm-none-eabi/11.3.1/thumb/v8-m.main/nofp/crtend.o

.glue_7         0x12006860        0x0 load address 0x32006860
 .glue_7        0x12006860        0x0 linker stubs

.glue_7t        0x12006860        0x0 load address 0x32006860
 .glue_7t       0x12006860        0x0 linker stubs

.vfp11_veneer   0x12006860        0x0 load address 0x32006860
 .vfp11_veneer  0x12006860        0x0 linker stubs

.v4_bx          0x12006860        0x0 load address 0x32006860
 .v4_bx         0x12006860        0x0 linker stubs

.iplt           0x12006860        0x0 load address 0x32006860
 .iplt          0x12006860        0x0 c:/users/wattenberg/infineon/tools/mtb-gcc-arm-eabi/11.3.1/gcc/bin/../lib/gcc/arm-none-eabi/11.3.1/thumb/v8-m.main/nofp/crtbegin.o

.ARM.extab
 *(.ARM.extab* .gnu.linkonce.armextab.*)
                0x12006860                __exidx_start = .

.ARM.exidx      0x12006860        0x8 load address 0x32006860
 *(.ARM.exidx* .gnu.linkonce.armexidx.*)
 .ARM.exidx     0x12006860        0x8 c:/users/wattenberg/infineon/tools/mtb-gcc-arm-eabi/11.3.1/gcc/bin/../lib/gcc/arm-none-eabi/11.3.1/thumb/v8-m.main/nofp/crt0.o
                                 0x10 (size before relaxing)
 .ARM.exidx.text.__udivmoddi4
                0x12006868        0x0 c:/users/wattenberg/infineon/tools/mtb-gcc-arm-eabi/11.3.1/gcc/bin/../lib/gcc/arm-none-eabi/11.3.1/thumb/v8-m.main/nofp\libgcc.a(_udivmoddi4.o)
                                  0x8 (size before relaxing)
                0x12006868                __exidx_end = .

.rel.dyn        0x12006868        0x0 load address 0x32006868
 .rel.iplt      0x12006868        0x0 c:/users/wattenberg/infineon/tools/mtb-gcc-arm-eabi/11.3.1/gcc/bin/../lib/gcc/arm-none-eabi/11.3.1/thumb/v8-m.main/nofp/crtbegin.o

.copy.table     0x12006868       0x18 load address 0x32006868
                0x12006868                . = ALIGN (0x4)
                0x12006868                __copy_table_start__ = .
                0x12006868        0x4 LONG 0x12000000 __Vectors
                0x1200686c        0x4 LONG 0x34000000 __ram_vectors_start__
                0x12006870        0x4 LONG 0x9c ((__Vectors_End - __Vectors) / 0x4)
                0x12006874        0x4 LONG 0x12006888 __etext
                0x12006878        0x4 LONG 0x34000270 __data_start__
                0x1200687c        0x4 LONG 0xa6 ((__data_end__ - __data_start__) / 0x4)
                0x12006880                __copy_table_end__ = .

.zero.table     0x12006880        0x8 load address 0x32006880
                0x12006880                . = ALIGN (0x4)
                0x12006880                __zero_table_start__ = .
                0x12006880        0x4 LONG 0x3400055c __bss_start__
                0x12006884        0x4 LONG 0x70 ((__bss_end__ - __bss_start__) / 0x4)
                0x12006888                __zero_table_end__ = .
                0x12006888                __etext = .

.gnu.sgstubs    0x1203ff00        0x0 load address 0x3203ff00
                0x1203ff00                . = ALIGN (0x20)
                0x1203ff00                _start_sg = .
 *(.gnu.sgstubs*)
                0x1203ff00                . = ALIGN (0x20)
                0x1203ff00                _end_sg = .

.ramVectors     0x34000000      0x270
                0x34000000                __ram_vectors_start__ = .
 *(.ram_vectors)
 .ram_vectors   0x34000000      0x270 C:/Users/wattenberg/mtw_3.4/12kW_Secondary/build/Custom/bsps/12kW_Secondary/startup_cat1b_cm33.o
                0x34000000                __s_vector_table_rw
                0x34000270                __ram_vectors_end__ = .

.data           0x34000270      0x298 load address 0x32006888
                0x34000270                . = ALIGN (0x4)
                0x34000270                __data_start__ = .
 *(vtable)
 *(.data*)
 .data.srss_0_clock_0_dpll250_0_lp_pllConfig
                0x34000270       0x5c C:/Users/wattenberg/mtw_3.4/12kW_Secondary/build/Custom/bsps/12kW_Secondary/config/GeneratedSource/cycfg_system.o
 .data.srss_0_clock_0_dpll250_0_pllConfig
                0x340002cc        0x4 C:/Users/wattenberg/mtw_3.4/12kW_Secondary/build/Custom/bsps/12kW_Secondary/config/GeneratedSource/cycfg_system.o
 .data.syspmBspDeepSleepEntryPoint
                0x340002d0        0x8 C:/Users/wattenberg/mtw_3.4/12kW_Secondary/build/Custom/bsps/12kW_Secondary/cybsp_dsram.o
                0x340002d0                syspmBspDeepSleepEntryPoint
 .data.cybsp_sysclk_pm_callback
                0x340002d8       0x1c C:/Users/wattenberg/mtw_3.4/12kW_Secondary/build/Custom/bsps/12kW_Secondary/cybsp_pm_callbacks.o
 .data.cybsp_ds_ram_pm_callback
                0x340002f4       0x1c C:/Users/wattenberg/mtw_3.4/12kW_Secondary/build/Custom/bsps/12kW_Secondary/cybsp_pm_callbacks.o
 .data._cybsp_callbacks_array
                0x34000310        0x8 C:/Users/wattenberg/mtw_3.4/12kW_Secondary/build/Custom/bsps/12kW_Secondary/cybsp_pm_callbacks.o
                0x34000310                _cybsp_callbacks_array
 .data.SystemCoreClock
                0x34000318        0x4 C:/Users/wattenberg/mtw_3.4/12kW_Secondary/build/Custom/bsps/12kW_Secondary/system_psc3.o
                0x34000318                SystemCoreClock
 .data.cy_Hfclk0FreqHz
                0x3400031c        0x4 C:/Users/wattenberg/mtw_3.4/12kW_Secondary/build/Custom/bsps/12kW_Secondary/system_psc3.o
                0x3400031c                cy_Hfclk0FreqHz
 .data.cy_PeriClkFreqHz
                0x34000320        0x4 C:/Users/wattenberg/mtw_3.4/12kW_Secondary/build/Custom/bsps/12kW_Secondary/system_psc3.o
                0x34000320                cy_PeriClkFreqHz
 .data.cy_AhbFreqHz
                0x34000324        0x4 C:/Users/wattenberg/mtw_3.4/12kW_Secondary/build/Custom/bsps/12kW_Secondary/system_psc3.o
                0x34000324                cy_AhbFreqHz
 .data.cy_delayFreqHz
                0x34000328        0x4 C:/Users/wattenberg/mtw_3.4/12kW_Secondary/build/Custom/bsps/12kW_Secondary/system_psc3.o
                0x34000328                cy_delayFreqHz
 .data.cy_delayFreqKhz
                0x3400032c        0x4 C:/Users/wattenberg/mtw_3.4/12kW_Secondary/build/Custom/bsps/12kW_Secondary/system_psc3.o
                0x3400032c                cy_delayFreqKhz
 .data.cy_delayFreqMhz
                0x34000330        0x1 C:/Users/wattenberg/mtw_3.4/12kW_Secondary/build/Custom/bsps/12kW_Secondary/system_psc3.o
                0x34000330                cy_delayFreqMhz
                0x34000334                . = ALIGN (0x4)
 *fill*         0x34000331        0x3 
                0x34000334                PROVIDE (__preinit_array_start = .)
 *(.preinit_array)
                0x34000334                PROVIDE (__preinit_array_end = .)
                0x34000334                . = ALIGN (0x4)
                0x34000334                PROVIDE (__init_array_start = .)
 *(SORT_BY_NAME(.init_array.*))
 *(.init_array)
 .init_array    0x34000334        0x4 c:/users/wattenberg/infineon/tools/mtb-gcc-arm-eabi/11.3.1/gcc/bin/../lib/gcc/arm-none-eabi/11.3.1/thumb/v8-m.main/nofp/crtbegin.o
                0x34000338                PROVIDE (__init_array_end = .)
                0x34000338                . = ALIGN (0x4)
                [!provide]                PROVIDE (__fini_array_start = .)
 *(SORT_BY_NAME(.fini_array.*))
 *(.fini_array)
 .fini_array    0x34000338        0x4 c:/users/wattenberg/infineon/tools/mtb-gcc-arm-eabi/11.3.1/gcc/bin/../lib/gcc/arm-none-eabi/11.3.1/thumb/v8-m.main/nofp/crtbegin.o
                [!provide]                PROVIDE (__fini_array_end = .)
 *(.jcr*)
                0x3400033c                . = ALIGN (0x4)
 *(.cy_ramfunc*)
 .cy_ramfunc    0x3400033c       0x14 C:/Users/wattenberg/mtw_3.4/12kW_Secondary/build/Custom/bsps/12kW_Secondary/cybsp_dsram.o
                0x3400033c                cybsp_warmboot_handler
 .cy_ramfunc    0x34000350      0x18c C:/Users/wattenberg/mtw_3.4/12kW_Secondary/build/Custom/bsps/12kW_Secondary/system_psc3.o
                0x34000350                SystemInit_Warmboot_CAT1B_CM33
                0x340003ec                System_Store_NVIC_Reg
                0x34000464                System_Restore_NVIC_Reg
 *fill*         0x340004dc        0x4 
 .cy_ramfunc.__stub
                0x340004e0       0x28 linker stubs
                0x34000508                . = ALIGN (0x4)
                0x34000508                __data_end__ = .
                0x00000001                ASSERT (((__etext + (__data_end__ - __data_start__)) <= (ORIGIN (flash) + _size_CODE_FLASH)), Flash overflowed, increase _size_CODE_FLASH)

.tm_clone_table
                0x34000508        0x0 load address 0x32006b20
 .tm_clone_table
                0x34000508        0x0 c:/users/wattenberg/infineon/tools/mtb-gcc-arm-eabi/11.3.1/gcc/bin/../lib/gcc/arm-none-eabi/11.3.1/thumb/v8-m.main/nofp/crtbegin.o
 .tm_clone_table
                0x34000508        0x0 c:/users/wattenberg/infineon/tools/mtb-gcc-arm-eabi/11.3.1/gcc/bin/../lib/gcc/arm-none-eabi/11.3.1/thumb/v8-m.main/nofp/crtend.o

.igot.plt       0x34000508        0x0 load address 0x32006b20
 .igot.plt      0x34000508        0x0 c:/users/wattenberg/infineon/tools/mtb-gcc-arm-eabi/11.3.1/gcc/bin/../lib/gcc/arm-none-eabi/11.3.1/thumb/v8-m.main/nofp/crtbegin.o

.noinit         0x34000508       0x54 load address 0x32006b20
 *(.noinit)
 .noinit        0x34000508       0x54 C:/Users/wattenberg/mtw_3.4/12kW_Secondary/build/Custom/libraries_shared/mtb-pdl-cat1/drivers/source/cy_syslib.o
                0x34000508                cy_assertFileName
                0x34000524                cy_assertLine
                0x34000528                cy_faultFrame

.bss            0x3400055c      0x1c0 load address 0x32006b74
                0x3400055c                . = ALIGN (0x4)
                0x3400055c                __bss_start__ = .
 *(.bss*)
 .bss.completed.1
                0x3400055c        0x1 c:/users/wattenberg/infineon/tools/mtb-gcc-arm-eabi/11.3.1/gcc/bin/../lib/gcc/arm-none-eabi/11.3.1/thumb/v8-m.main/nofp/crtbegin.o
 *fill*         0x3400055d        0x3 
 .bss.object.0  0x34000560       0x18 c:/users/wattenberg/infineon/tools/mtb-gcc-arm-eabi/11.3.1/gcc/bin/../lib/gcc/arm-none-eabi/11.3.1/thumb/v8-m.main/nofp/crtbegin.o
 .bss.cybsp_sysclk_pm_callback_param
                0x34000578        0x8 C:/Users/wattenberg/mtw_3.4/12kW_Secondary/build/Custom/bsps/12kW_Secondary/cybsp_pm_callbacks.o
 .bss.cybsp_ds_ram_pm_callback_param
                0x34000580        0x8 C:/Users/wattenberg/mtw_3.4/12kW_Secondary/build/Custom/bsps/12kW_Secondary/cybsp_pm_callbacks.o
 .bss.nvicStoreRestore
                0x34000588        0xc C:/Users/wattenberg/mtw_3.4/12kW_Secondary/build/Custom/bsps/12kW_Secondary/system_psc3.o
                0x34000588                nvicStoreRestore
 .bss.nvicIPRStoreRestore
                0x34000594      0x114 C:/Users/wattenberg/mtw_3.4/12kW_Secondary/build/Custom/bsps/12kW_Secondary/system_psc3.o
                0x34000594                nvicIPRStoreRestore
 .bss.scbSHPR3StoreRestore
                0x340006a8        0x4 C:/Users/wattenberg/mtw_3.4/12kW_Secondary/build/Custom/bsps/12kW_Secondary/system_psc3.o
                0x340006a8                scbSHPR3StoreRestore
 .bss.calOffsetMirror
                0x340006ac       0x10 C:/Users/wattenberg/mtw_3.4/12kW_Secondary/build/Custom/libraries_shared/mtb-pdl-cat1/drivers/source/cy_hppass_sar.o
 .bss.clkCounting
                0x340006bc        0x1 C:/Users/wattenberg/mtw_3.4/12kW_Secondary/build/Custom/libraries_shared/mtb-pdl-cat1/drivers/source/cy_sysclk_v2.o
 .bss.preventCounting
                0x340006bd        0x1 C:/Users/wattenberg/mtw_3.4/12kW_Secondary/build/Custom/libraries_shared/mtb-pdl-cat1/drivers/source/cy_sysclk_v2.o
 *fill*         0x340006be        0x2 
 .bss.cySysClkExtFreq
                0x340006c0        0x4 C:/Users/wattenberg/mtw_3.4/12kW_Secondary/build/Custom/libraries_shared/mtb-pdl-cat1/drivers/source/cy_sysclk_v2.o
 .bss.ecoFrequency
                0x340006c4        0x4 C:/Users/wattenberg/mtw_3.4/12kW_Secondary/build/Custom/libraries_shared/mtb-pdl-cat1/drivers/source/cy_sysclk_v2.o
 .bss.cy_WakeupFromWarmBootStatus
                0x340006c8        0x1 C:/Users/wattenberg/mtw_3.4/12kW_Secondary/build/Custom/libraries_shared/mtb-pdl-cat1/drivers/source/cy_syslib.o
                0x340006c8                cy_WakeupFromWarmBootStatus
 *fill*         0x340006c9        0x3 
 .bss.pmCallbackRoot
                0x340006cc       0x24 C:/Users/wattenberg/mtw_3.4/12kW_Secondary/build/Custom/libraries_shared/mtb-pdl-cat1/drivers/source/cy_syspm_v2.o
 .bss.failedCallback
                0x340006f0       0x24 C:/Users/wattenberg/mtw_3.4/12kW_Secondary/build/Custom/libraries_shared/mtb-pdl-cat1/drivers/source/cy_syspm_v2.o
 .bss.lastExecutedCallback.0
                0x34000714        0x4 C:/Users/wattenberg/mtw_3.4/12kW_Secondary/build/Custom/libraries_shared/mtb-pdl-cat1/drivers/source/cy_syspm_v2.o
 .bss.__stdio_exit_handler
                0x34000718        0x4 c:/users/wattenberg/infineon/tools/mtb-gcc-arm-eabi/11.3.1/gcc/bin/../lib/gcc/arm-none-eabi/11.3.1/thumb/v8-m.main/nofp\libg_nano.a(libc_a-findfp.o)
                0x34000718                __stdio_exit_handler
 *(COMMON)
                0x3400071c                . = ALIGN (0x4)
                0x3400071c                __bss_end__ = .

.heap           0x3400071c     0xe8e4 load address 0x32006d34
                0x34000720                . = ALIGN (0x8)
 *fill*         0x3400071c        0x4 
                0x34000720                __HeapBase = .
                0x34000720                __end__ = .
                0x34000720                end = __end__
 *(.heap*)
                0x34000720                . = ALIGN (0x8)
                0x3400f000                . = ((ORIGIN (sram) + LENGTH (sram)) - STACK_SIZE)